Archive member included to satisfy reference by file (symbol)

c:/vsarm/armcc/10-2020-q4-major/bin/../lib/gcc/arm-none-eabi/10.2.1/thumb/v6-m/nofp\libgcc.a(_dvmd_tls.o)
                              CMakeFiles/SEGUIDOR.dir/C_/VSARM/sdk/pico/pico-sdk/src/rp2_common/pico_divider/divider_hardware.S.obj (__aeabi_idiv0)
c:/vsarm/armcc/10-2020-q4-major/bin/../lib/gcc/arm-none-eabi/10.2.1/../../../../arm-none-eabi/lib/thumb/v6-m/nofp\libg.a(lib_a-calloc.o)
                              CMakeFiles/SEGUIDOR.dir/C_/VSARM/sdk/pico/pico-sdk/src/rp2_common/pico_malloc/malloc.c.obj (calloc)
c:/vsarm/armcc/10-2020-q4-major/bin/../lib/gcc/arm-none-eabi/10.2.1/../../../../arm-none-eabi/lib/thumb/v6-m/nofp\libg.a(lib_a-callocr.o)
                              c:/vsarm/armcc/10-2020-q4-major/bin/../lib/gcc/arm-none-eabi/10.2.1/../../../../arm-none-eabi/lib/thumb/v6-m/nofp\libg.a(lib_a-calloc.o) (_calloc_r)
c:/vsarm/armcc/10-2020-q4-major/bin/../lib/gcc/arm-none-eabi/10.2.1/../../../../arm-none-eabi/lib/thumb/v6-m/nofp\libg.a(lib_a-impure.o)
                              c:/vsarm/armcc/10-2020-q4-major/bin/../lib/gcc/arm-none-eabi/10.2.1/../../../../arm-none-eabi/lib/thumb/v6-m/nofp\libg.a(lib_a-calloc.o) (_impure_ptr)
c:/vsarm/armcc/10-2020-q4-major/bin/../lib/gcc/arm-none-eabi/10.2.1/../../../../arm-none-eabi/lib/thumb/v6-m/nofp\libg.a(lib_a-init.o)
                              c:/vsarm/armcc/10-2020-q4-major/bin/../lib/gcc/arm-none-eabi/10.2.1/../../../../arm-none-eabi/lib/thumb/v6-m/nofp/crt0.o (__libc_init_array)
c:/vsarm/armcc/10-2020-q4-major/bin/../lib/gcc/arm-none-eabi/10.2.1/../../../../arm-none-eabi/lib/thumb/v6-m/nofp\libg.a(lib_a-lcltime_r.o)
                              CMakeFiles/SEGUIDOR.dir/C_/VSARM/sdk/pico/pico-sdk/src/common/pico_util/datetime.c.obj (localtime_r)
c:/vsarm/armcc/10-2020-q4-major/bin/../lib/gcc/arm-none-eabi/10.2.1/../../../../arm-none-eabi/lib/thumb/v6-m/nofp\libg.a(lib_a-malloc.o)
                              CMakeFiles/SEGUIDOR.dir/C_/VSARM/sdk/pico/pico-sdk/src/rp2_common/pico_malloc/malloc.c.obj (malloc)
c:/vsarm/armcc/10-2020-q4-major/bin/../lib/gcc/arm-none-eabi/10.2.1/../../../../arm-none-eabi/lib/thumb/v6-m/nofp\libg.a(lib_a-mallocr.o)
                              c:/vsarm/armcc/10-2020-q4-major/bin/../lib/gcc/arm-none-eabi/10.2.1/../../../../arm-none-eabi/lib/thumb/v6-m/nofp\libg.a(lib_a-callocr.o) (_malloc_r)
c:/vsarm/armcc/10-2020-q4-major/bin/../lib/gcc/arm-none-eabi/10.2.1/../../../../arm-none-eabi/lib/thumb/v6-m/nofp\libg.a(lib_a-memcmp.o)
                              CMakeFiles/SEGUIDOR.dir/C_/VSARM/sdk/pico/pico-sdk/src/rp2_common/pico_atomic/atomic.c.obj (memcmp)
c:/vsarm/armcc/10-2020-q4-major/bin/../lib/gcc/arm-none-eabi/10.2.1/../../../../arm-none-eabi/lib/thumb/v6-m/nofp\libg.a(lib_a-mktime.o)
                              CMakeFiles/SEGUIDOR.dir/C_/VSARM/sdk/pico/pico-sdk/src/common/pico_util/datetime.c.obj (mktime)
c:/vsarm/armcc/10-2020-q4-major/bin/../lib/gcc/arm-none-eabi/10.2.1/../../../../arm-none-eabi/lib/thumb/v6-m/nofp\libg.a(lib_a-mlock.o)
                              c:/vsarm/armcc/10-2020-q4-major/bin/../lib/gcc/arm-none-eabi/10.2.1/../../../../arm-none-eabi/lib/thumb/v6-m/nofp\libg.a(lib_a-mallocr.o) (__malloc_lock)
c:/vsarm/armcc/10-2020-q4-major/bin/../lib/gcc/arm-none-eabi/10.2.1/../../../../arm-none-eabi/lib/thumb/v6-m/nofp\libg.a(lib_a-month_lengths.o)
                              c:/vsarm/armcc/10-2020-q4-major/bin/../lib/gcc/arm-none-eabi/10.2.1/../../../../arm-none-eabi/lib/thumb/v6-m/nofp\libg.a(lib_a-lcltime_r.o) (__month_lengths)
c:/vsarm/armcc/10-2020-q4-major/bin/../lib/gcc/arm-none-eabi/10.2.1/../../../../arm-none-eabi/lib/thumb/v6-m/nofp\libg.a(lib_a-realloc.o)
                              CMakeFiles/SEGUIDOR.dir/C_/VSARM/sdk/pico/pico-sdk/src/rp2_common/pico_malloc/malloc.c.obj (realloc)
c:/vsarm/armcc/10-2020-q4-major/bin/../lib/gcc/arm-none-eabi/10.2.1/../../../../arm-none-eabi/lib/thumb/v6-m/nofp\libg.a(lib_a-reallocr.o)
                              c:/vsarm/armcc/10-2020-q4-major/bin/../lib/gcc/arm-none-eabi/10.2.1/../../../../arm-none-eabi/lib/thumb/v6-m/nofp\libg.a(lib_a-realloc.o) (_realloc_r)
c:/vsarm/armcc/10-2020-q4-major/bin/../lib/gcc/arm-none-eabi/10.2.1/../../../../arm-none-eabi/lib/thumb/v6-m/nofp\libg.a(lib_a-sbrkr.o)
                              c:/vsarm/armcc/10-2020-q4-major/bin/../lib/gcc/arm-none-eabi/10.2.1/../../../../arm-none-eabi/lib/thumb/v6-m/nofp\libg.a(lib_a-mallocr.o) (_sbrk_r)
c:/vsarm/armcc/10-2020-q4-major/bin/../lib/gcc/arm-none-eabi/10.2.1/../../../../arm-none-eabi/lib/thumb/v6-m/nofp\libg.a(lib_a-strlen-stub.o)
                              CMakeFiles/SEGUIDOR.dir/C_/VSARM/sdk/pico/pico-sdk/src/rp2_common/pico_stdio/stdio.c.obj (strlen)
c:/vsarm/armcc/10-2020-q4-major/bin/../lib/gcc/arm-none-eabi/10.2.1/../../../../arm-none-eabi/lib/thumb/v6-m/nofp\libg.a(lib_a-tzcalc_limits.o)
[...]
Memory Configuration

Name             Origin             Length             Attributes
FLASH            0x10000000         0x00200000         xr
RAM              0x20000000         0x00040000         xrw
SCRATCH_X        0x20040000         0x00001000         xrw
SCRATCH_Y        0x20041000         0x00001000         xrw
*default*        0x00000000         0xffffffff

Linker script and memory map

LOAD c:/vsarm/armcc/10-2020-q4-major/bin/../lib/gcc/arm-none-eabi/10.2.1/thumb/v6-m/nofp/crti.o
LOAD c:/vsarm/armcc/10-2020-q4-major/bin/../lib/gcc/arm-none-eabi/10.2.1/thumb/v6-m/nofp/crtbegin.o
LOAD c:/vsarm/armcc/10-2020-q4-major/bin/../lib/gcc/arm-none-eabi/10.2.1/../../../../arm-none-eabi/lib/thumb/v6-m/nofp/crt0.o

.flash_begin    0x10000000        0x0
                0x10000000                __flash_binary_start = .

.boot2          0x10000000      0x100
                0x10000000                __boot2_start__ = .
 *(.boot2)
 .boot2         0x10000000      0x100 pico-sdk\src\rp2040\boot_stage2\CMakeFiles\bs2_default_library.dir\bs2_default_padded_checksummed.S.obj
                0x10000100                __boot2_end__ = .
                0x00000001                ASSERT (((__boot2_end__ - __boot2_start__) == 0x100), ERROR: Pico second stage bootloader must be 256 bytes in size)

.text           0x10000100     0x7574
                0x10000100                __logical_binary_start = .
 *(.vectors)
 .vectors       0x10000100       0xd4 CMakeFiles/SEGUIDOR.dir/C_/VSARM/sdk/pico/pico-sdk/src/rp2_common/pico_crt0/crt0.S.obj
                0x10000100                __VECTOR_TABLE
                0x10000100                __vectors
                0x100001c0                isr_irq13
                0x100001c0                isr_irq27
                0x100001c0                isr_irq31
                0x100001c0                isr_irq12
                0x100001c0                isr_irq5
                0x100001c0                isr_irq11
                0x100001c0                isr_irq3
                0x100001c0                isr_irq23
                0x100001c0                __unhandled_user_irq
                0x100001c0                isr_irq26
                0x100001c0                isr_irq28
                0x100001c0                isr_irq19
                0x100001c0                isr_irq0
                0x100001c0                isr_irq6
                0x100001c0                isr_irq29
                0x100001c0                isr_irq16
                0x100001c0                isr_irq22
                0x100001c0                isr_irq18
                0x100001c0                isr_irq17
                0x100001c0                isr_irq14
                0x100001c0                __vectors_end
                0x100001c0                __default_isrs_start
                0x100001c0                isr_irq2
                0x100001c0                isr_irq10
                0x100001c0                isr_irq8
                0x100001c0                isr_irq24
                0x100001c0                isr_irq1
                0x100001c0                isr_irq7
                0x100001c0                isr_irq21
                0x100001c0                isr_irq20
                0x100001c0                isr_irq15
                0x100001c0                isr_irq25
                0x100001c0                isr_irq4
                0x100001c0                isr_irq30
                0x100001c0                isr_irq9
                0x100001c6                unhandled_user_irq_num_in_r0
                0x100001c8                isr_invalid
                0x100001ca                isr_nmi
                0x100001cc                isr_hardfault
                0x100001ce                isr_svcall
                0x100001d0                isr_pendsv
                0x100001d2                isr_systick
                0x100001d4                __default_isrs_end
 *(.binary_info_header)
 .binary_info_header
                0x100001d4       0x14 CMakeFiles/SEGUIDOR.dir/C_/VSARM/sdk/pico/pico-sdk/src/rp2_common/pico_crt0/crt0.S.obj
                0x100001e8                __binary_info_header_end = .
 *(.embedded_block)
                0x100001e8                __embedded_block_end = .
 *(.reset)
 .reset         0x100001e8       0x9c CMakeFiles/SEGUIDOR.dir/C_/VSARM/sdk/pico/pico-sdk/src/rp2_common/pico_crt0/crt0.S.obj
                0x100001e8                _entry_point
 *(.init)
 .init          0x10000284        0x4 c:/vsarm/armcc/10-2020-q4-major/bin/../lib/gcc/arm-none-eabi/10.2.1/thumb/v6-m/nofp/crti.o
                0x10000284                _init
 *(EXCLUDE_FILE(*libm.a: *libc.a:*lib_a-mem*.o *libgcc.a:) .text*)
 .text          0x10000288       0x48 c:/vsarm/armcc/10-2020-q4-major/bin/../lib/gcc/arm-none-eabi/10.2.1/thumb/v6-m/nofp/crtbegin.o
 .text.read_all_sensors
                0x100002d0       0x78 CMakeFiles/SEGUIDOR.dir/regleta.c.obj
                0x100002d0                read_all_sensors
 .text.activity1
                0x10000348       0xa8 CMakeFiles/SEGUIDOR.dir/regleta.c.obj
                0x10000348                activity1
 .text.activity2
                0x100003f0      0x42c CMakeFiles/SEGUIDOR.dir/regleta.c.obj
                0x100003f0                activity2
 .text.activity3
                0x1000081c      0x23c CMakeFiles/SEGUIDOR.dir/regleta.c.obj
                0x1000081c                activity3
 .text.activity4
                0x10000a58      0x38c CMakeFiles/SEGUIDOR.dir/regleta.c.obj
                0x10000a58                activity4
 .text.init_system
                0x10000de4       0x8c CMakeFiles/SEGUIDOR.dir/regleta.c.obj
                0x10000de4                init_system
 .text.startup.main
                0x10000e70       0x20 CMakeFiles/SEGUIDOR.dir/regleta.c.obj
                0x10000e70                main
 .text.gpio_set_function
                0x10000e90       0x34 CMakeFiles/SEGUIDOR.dir/C_/VSARM/sdk/pico/pico-sdk/src/rp2_common/hardware_gpio/gpio.c.obj
                0x10000e90                gpio_set_function
 .text.gpio_set_pulls
                0x10000ec4       0x34 CMakeFiles/SEGUIDOR.dir/C_/VSARM/sdk/pico/pico-sdk/src/rp2_common/hardware_gpio/gpio.c.obj
                0x10000ec4                gpio_set_pulls
 .text.gpio_set_input_enabled
                0x10000ef8       0x28 CMakeFiles/SEGUIDOR.dir/C_/VSARM/sdk/pico/pico-sdk/src/rp2_common/hardware_gpio/gpio.c.obj
                0x10000ef8                gpio_set_input_enabled
 .text.gpio_init
                0x10000f20       0x40 CMakeFiles/SEGUIDOR.dir/C_/VSARM/sdk/pico/pico-sdk/src/rp2_common/hardware_gpio/gpio.c.obj
                0x10000f20                gpio_init
 .text.rp2040_chip_version
                0x10000f60        0xc CMakeFiles/SEGUIDOR.dir/C_/VSARM/sdk/pico/pico-sdk/src/rp2040/pico_platform/platform.c.obj
                0x10000f60                rp2040_chip_version
 .text.panic    0x10000f6c       0x30 CMakeFiles/SEGUIDOR.dir/C_/VSARM/sdk/pico/pico-sdk/src/rp2_common/pico_platform_panic/panic.c.obj
                0x10000f6c                panic
 .text.hw_claim_or_assert
                0x10000f9c       0x44 CMakeFiles/SEGUIDOR.dir/C_/VSARM/sdk/pico/pico-sdk/src/common/hardware_claim/claim.c.obj
                0x10000f9c                hw_claim_or_assert
 .text.hw_claim_unused_from_range
                0x10000fe0       0x9c CMakeFiles/SEGUIDOR.dir/C_/VSARM/sdk/pico/pico-sdk/src/common/hardware_claim/claim.c.obj
                0x10000fe0                hw_claim_unused_from_range
 .text.next_striped_spin_lock_num
                0x1000107c       0x18 CMakeFiles/SEGUIDOR.dir/C_/VSARM/sdk/pico/pico-sdk/src/rp2_common/hardware_sync/sync.c.obj
                0x1000107c                next_striped_spin_lock_num
 .text.spin_lock_claim_unused
                0x10001094       0x20 CMakeFiles/SEGUIDOR.dir/C_/VSARM/sdk/pico/pico-sdk/src/rp2_common/hardware_sync/sync.c.obj
                0x10001094                spin_lock_claim_unused
 .text.spin_locks_reset
                0x100010b4       0x1c CMakeFiles/SEGUIDOR.dir/C_/VSARM/sdk/pico/pico-sdk/src/rp2_common/hardware_sync_spin_lock/sync_spin_lock.c.obj
                0x100010b4                spin_locks_reset
 .text.runtime_init_per_core_irq_priorities
                0x100010d0       0x24 CMakeFiles/SEGUIDOR.dir/C_/VSARM/sdk/pico/pico-sdk/src/rp2_common/hardware_irq/irq.c.obj
                0x100010d0                runtime_init_per_core_irq_priorities
 .text.irq_set_enabled
                0x100010f4       0x24 CMakeFiles/SEGUIDOR.dir/C_/VSARM/sdk/pico/pico-sdk/src/rp2_common/hardware_irq/irq.c.obj
                0x100010f4                irq_set_enabled
 .text.irq_is_enabled
                0x10001118       0x18 CMakeFiles/SEGUIDOR.dir/C_/VSARM/sdk/pico/pico-sdk/src/rp2_common/hardware_irq/irq.c.obj
                0x10001118                irq_is_enabled
 .text.irq_set_pending
                0x10001130       0x10 CMakeFiles/SEGUIDOR.dir/C_/VSARM/sdk/pico/pico-sdk/src/rp2_common/hardware_irq/irq.c.obj
                0x10001130                irq_set_pending
 .text.irq_has_shared_handler
                0x10001140       0x24 CMakeFiles/SEGUIDOR.dir/C_/VSARM/sdk/pico/pico-sdk/src/rp2_common/hardware_irq/irq.c.obj
                0x10001140                irq_has_shared_handler
 .text.irq_set_exclusive_handler
                0x10001164       0x54 CMakeFiles/SEGUIDOR.dir/C_/VSARM/sdk/pico/pico-sdk/src/rp2_common/hardware_irq/irq.c.obj
                0x10001164                irq_set_exclusive_handler
 .text.irq_add_shared_handler
                0x100011b8      0x1e8 CMakeFiles/SEGUIDOR.dir/C_/VSARM/sdk/pico/pico-sdk/src/rp2_common/hardware_irq/irq.c.obj
                0x100011b8                irq_add_shared_handler
 .text.irq_add_tail_to_free_list
                0x100013a0       0xb4 CMakeFiles/SEGUIDOR.dir/C_/VSARM/sdk/pico/pico-sdk/src/rp2_common/hardware_irq/irq.c.obj
                0x100013a0                irq_add_tail_to_free_list
 .text.user_irq_claim_unused
                0x10001454       0x28 CMakeFiles/SEGUIDOR.dir/C_/VSARM/sdk/pico/pico-sdk/src/rp2_common/hardware_irq/irq.c.obj
                0x10001454                user_irq_claim_unused
 .text.lock_init
                0x1000147c       0x10 CMakeFiles/SEGUIDOR.dir/C_/VSARM/sdk/pico/pico-sdk/src/common/pico_sync/lock_core.c.obj
                0x1000147c                lock_init
 .text.runtime_init_mutex
                0x1000148c       0x58 CMakeFiles/SEGUIDOR.dir/C_/VSARM/sdk/pico/pico-sdk/src/common/pico_sync/mutex.c.obj
                0x1000148c                runtime_init_mutex
 .text.mutex_init
                0x100014e4       0x1c CMakeFiles/SEGUIDOR.dir/C_/VSARM/sdk/pico/pico-sdk/src/common/pico_sync/mutex.c.obj
                0x100014e4                mutex_init
 .text.critical_section_init
                0x10001500       0x20 CMakeFiles/SEGUIDOR.dir/C_/VSARM/sdk/pico/pico-sdk/src/common/pico_sync/critical_section.c.obj
                0x10001500                critical_section_init
 .text.critical_section_init_with_lock_num
                0x10001520       0x14 CMakeFiles/SEGUIDOR.dir/C_/VSARM/sdk/pico/pico-sdk/src/common/pico_sync/critical_section.c.obj
                0x10001520                critical_section_init_with_lock_num
 .text.sleep_until_callback
                0x10001534       0x30 CMakeFiles/SEGUIDOR.dir/C_/VSARM/sdk/pico/pico-sdk/src/common/pico_time/time.c.obj
 .text.alarm_pool_irq_handler
                0x10001564      0x308 CMakeFiles/SEGUIDOR.dir/C_/VSARM/sdk/pico/pico-sdk/src/common/pico_time/time.c.obj
 .text.runtime_init_default_alarm_pool
                0x1000186c       0xdc CMakeFiles/SEGUIDOR.dir/C_/VSARM/sdk/pico/pico-sdk/src/common/pico_time/time.c.obj
                0x1000186c                runtime_init_default_alarm_pool
 .text.alarm_pool_get_default
                0x10001948        0x8 CMakeFiles/SEGUIDOR.dir/C_/VSARM/sdk/pico/pico-sdk/src/common/pico_time/time.c.obj
                0x10001948                alarm_pool_get_default
 .text.alarm_pool_add_alarm_at
                0x10001950       0xc8 CMakeFiles/SEGUIDOR.dir/C_/VSARM/sdk/pico/pico-sdk/src/common/pico_time/time.c.obj
                0x10001950                alarm_pool_add_alarm_at
 .text.alarm_pool_add_alarm_at_force_in_context
                0x10001a18       0xb0 CMakeFiles/SEGUIDOR.dir/C_/VSARM/sdk/pico/pico-sdk/src/common/pico_time/time.c.obj
                0x10001a18                alarm_pool_add_alarm_at_force_in_context
 .text.alarm_pool_cancel_alarm
                0x10001ac8       0x7c CMakeFiles/SEGUIDOR.dir/C_/VSARM/sdk/pico/pico-sdk/src/common/pico_time/time.c.obj
                0x10001ac8                alarm_pool_cancel_alarm
 .text.alarm_pool_core_num
                0x10001b44        0x4 CMakeFiles/SEGUIDOR.dir/C_/VSARM/sdk/pico/pico-sdk/src/common/pico_time/time.c.obj
                0x10001b44                alarm_pool_core_num
 .text.sleep_until
                0x10001b48       0xd0 CMakeFiles/SEGUIDOR.dir/C_/VSARM/sdk/pico/pico-sdk/src/common/pico_time/time.c.obj
                0x10001b48                sleep_until
 .text.sleep_us
                0x10001c18       0x24 CMakeFiles/SEGUIDOR.dir/C_/VSARM/sdk/pico/pico-sdk/src/common/pico_time/time.c.obj
                0x10001c18                sleep_us
 .text.sleep_ms
                0x10001c3c       0x34 CMakeFiles/SEGUIDOR.dir/C_/VSARM/sdk/pico/pico-sdk/src/common/pico_time/time.c.obj
                0x10001c3c                sleep_ms
 .text.best_effort_wfe_or_timeout
                0x10001c70       0xfc CMakeFiles/SEGUIDOR.dir/C_/VSARM/sdk/pico/pico-sdk/src/common/pico_time/time.c.obj
                0x10001c70                best_effort_wfe_or_timeout
 .text.timer_hardware_alarm_claim
                0x10001d6c       0x14 CMakeFiles/SEGUIDOR.dir/C_/VSARM/sdk/pico/pico-sdk/src/rp2_common/hardware_timer/timer.c.obj
                0x10001d6c                timer_hardware_alarm_claim
 .text.timer_time_us_64
                0x10001d80       0x10 CMakeFiles/SEGUIDOR.dir/C_/VSARM/sdk/pico/pico-sdk/src/rp2_common/hardware_timer/timer.c.obj
                0x10001d80                timer_time_us_64
 .text.time_us_64
                0x10001d90       0x14 CMakeFiles/SEGUIDOR.dir/C_/VSARM/sdk/pico/pico-sdk/src/rp2_common/hardware_timer/timer.c.obj
                0x10001d90                time_us_64
 .text.busy_wait_until
                0x10001da4       0x20 CMakeFiles/SEGUIDOR.dir/C_/VSARM/sdk/pico/pico-sdk/src/rp2_common/hardware_timer/timer.c.obj
                0x10001da4                busy_wait_until
 .text.clock_configure_int_divider
                0x10001dc4       0xf4 CMakeFiles/SEGUIDOR.dir/C_/VSARM/sdk/pico/pico-sdk/src/rp2_common/hardware_clocks/clocks.c.obj
                0x10001dc4                clock_configure_int_divider
 .text.clock_configure_undivided
                0x10001eb8       0xe8 CMakeFiles/SEGUIDOR.dir/C_/VSARM/sdk/pico/pico-sdk/src/rp2_common/hardware_clocks/clocks.c.obj
                0x10001eb8                clock_configure_undivided
 .text.clock_get_hz
                0x10001fa0        0xc CMakeFiles/SEGUIDOR.dir/C_/VSARM/sdk/pico/pico-sdk/src/rp2_common/hardware_clocks/clocks.c.obj
                0x10001fa0                clock_get_hz
 .text.pll_init
                0x10001fac       0xa0 CMakeFiles/SEGUIDOR.dir/C_/VSARM/sdk/pico/pico-sdk/src/rp2_common/hardware_pll/pll.c.obj
                0x10001fac                pll_init
 .text.watchdog_reboot
                0x1000204c       0x98 CMakeFiles/SEGUIDOR.dir/C_/VSARM/sdk/pico/pico-sdk/src/rp2_common/hardware_watchdog/watchdog.c.obj
                0x1000204c                watchdog_reboot
 .text.tick_start
                0x100020e4       0x10 CMakeFiles/SEGUIDOR.dir/C_/VSARM/sdk/pico/pico-sdk/src/rp2_common/hardware_ticks/ticks.c.obj
                0x100020e4                tick_start
 .text.rom_func_lookup
                0x100020f4       0x10 CMakeFiles/SEGUIDOR.dir/C_/VSARM/sdk/pico/pico-sdk/src/rp2_common/pico_bootrom/bootrom.c.obj
                0x100020f4                rom_func_lookup
 .text.rom_data_lookup
                0x10002104       0x10 CMakeFiles/SEGUIDOR.dir/C_/VSARM/sdk/pico/pico-sdk/src/rp2_common/pico_bootrom/bootrom.c.obj
                0x10002104                rom_data_lookup
 .text.rom_funcs_lookup
                0x10002114       0x44 CMakeFiles/SEGUIDOR.dir/C_/VSARM/sdk/pico/pico-sdk/src/rp2_common/pico_bootrom/bootrom.c.obj
                0x10002114                rom_funcs_lookup
 .text.rom_reset_usb_boot_extra
                0x10002158       0x28 CMakeFiles/SEGUIDOR.dir/C_/VSARM/sdk/pico/pico-sdk/src/rp2_common/pico_bootrom/bootrom.c.obj
                0x10002158                rom_reset_usb_boot_extra
 .text.xosc_init
                0x10002180       0x28 CMakeFiles/SEGUIDOR.dir/C_/VSARM/sdk/pico/pico-sdk/src/rp2_common/hardware_xosc/xosc.c.obj
                0x10002180                xosc_init
 .text.first_per_core_initializer
                0x100021a8        0x4 CMakeFiles/SEGUIDOR.dir/C_/VSARM/sdk/pico/pico-sdk/src/rp2_common/pico_runtime/runtime.c.obj
 .text.hard_assertion_failure
                0x100021ac        0xc CMakeFiles/SEGUIDOR.dir/C_/VSARM/sdk/pico/pico-sdk/src/rp2_common/pico_runtime/runtime.c.obj
                0x100021ac                hard_assertion_failure
 .text.runtime_run_initializers
                0x100021b8       0x28 CMakeFiles/SEGUIDOR.dir/C_/VSARM/sdk/pico/pico-sdk/src/rp2_common/pico_runtime/runtime.c.obj
                0x100021b8                runtime_run_initializers
 .text.runtime_init_early_resets
                0x100021e0       0x2c CMakeFiles/SEGUIDOR.dir/C_/VSARM/sdk/pico/pico-sdk/src/rp2_common/pico_runtime_init/runtime_init.c.obj
                0x100021e0                runtime_init_early_resets
 .text.runtime_init_usb_power_down
                0x1000220c       0x1c CMakeFiles/SEGUIDOR.dir/C_/VSARM/sdk/pico/pico-sdk/src/rp2_common/pico_runtime_init/runtime_init.c.obj
                0x1000220c                runtime_init_usb_power_down
 .text.runtime_init_post_clock_resets
                0x10002228       0x20 CMakeFiles/SEGUIDOR.dir/C_/VSARM/sdk/pico/pico-sdk/src/rp2_common/pico_runtime_init/runtime_init.c.obj
                0x10002228                runtime_init_post_clock_resets
 .text.runtime_init_rp2040_gpio_ie_disable
                0x10002248       0x14 CMakeFiles/SEGUIDOR.dir/C_/VSARM/sdk/pico/pico-sdk/src/rp2_common/pico_runtime_init/runtime_init.c.obj
                0x10002248                runtime_init_rp2040_gpio_ie_disable
 .text.runtime_init_spin_locks_reset
                0x1000225c        0x8 CMakeFiles/SEGUIDOR.dir/C_/VSARM/sdk/pico/pico-sdk/src/rp2_common/pico_runtime_init/runtime_init.c.obj
                0x1000225c                runtime_init_spin_locks_reset
 .text.runtime_init_install_ram_vector_table
                0x10002264       0xcc CMakeFiles/SEGUIDOR.dir/C_/VSARM/sdk/pico/pico-sdk/src/rp2_common/pico_runtime_init/runtime_init.c.obj
                0x10002264                runtime_init_install_ram_vector_table
 .text.runtime_init_clocks
                0x10002330       0xd8 CMakeFiles/SEGUIDOR.dir/C_/VSARM/sdk/pico/pico-sdk/src/rp2_common/pico_runtime_init/runtime_init_clocks.c.obj
                0x10002330                runtime_init_clocks
 .text          0x10002408       0x10 CMakeFiles/SEGUIDOR.dir/C_/VSARM/sdk/pico/pico-sdk/src/rp2_common/pico_bit_ops/bit_ops_aeabi.S.obj
 .text.__wrap___aeabi_idiv
                0x10002418       0x50 CMakeFiles/SEGUIDOR.dir/C_/VSARM/sdk/pico/pico-sdk/src/rp2_common/pico_divider/divider_hardware.S.obj
                0x10002418                __wrap___aeabi_idivmod
                0x10002418                divmod_s32s32
                0x10002418                div_s32s32
                0x10002418                __wrap___aeabi_idiv
                0x10002420                divmod_s32s32_unsafe
                0x1000244c                divmod_s32s32_savestate
 .text.__wrap___aeabi_uidiv
                0x10002468       0x4c CMakeFiles/SEGUIDOR.dir/C_/VSARM/sdk/pico/pico-sdk/src/rp2_common/pico_divider/divider_hardware.S.obj
                0x10002468                __wrap___aeabi_uidiv
                0x10002468                __wrap___aeabi_uidivmod
                0x10002468                div_u32u32
                0x10002468                divmod_u32u32
                0x10002470                divmod_u32u32_unsafe
                0x10002498                divmod_u32u32_savestate
 .text.__wrap___aeabi_ldiv
                0x100024b4      0x424 CMakeFiles/SEGUIDOR.dir/C_/VSARM/sdk/pico/pico-sdk/src/rp2_common/pico_divider/divider_hardware.S.obj
                0x100024b4                div_s64s64
                0x100024b4                divmod_s64s64
                0x100024b4                __wrap___aeabi_ldivmod
                0x100024e4                divmod_u64u64
                0x100024e4                div_u64u64
                0x100024e4                __wrap___aeabi_uldivmod
                0x100024f4                divmod_u64u64_savestate
                0x10002514                divmod_s64s64_unsafe
                0x1000259c                divmod_u64u64_unsafe
 .text.__wrap___aeabi_darithmetic
                0x100028d8       0x80 CMakeFiles/SEGUIDOR.dir/C_/VSARM/sdk/pico/pico-sdk/src/rp2_common/pico_double/double_aeabi_rp2040.S.obj
                0x100028d8                __wrap___aeabi_drsub
                0x100028de                __wrap___aeabi_dsub
                0x100028f0                __wrap___aeabi_dadd
                0x10002902                __wrap___aeabi_ddiv
                0x1000293e                __wrap___aeabi_dmul
 .text.__wrap___aeabi_cdcmple
                0x10002958       0x6c CMakeFiles/SEGUIDOR.dir/C_/VSARM/sdk/pico/pico-sdk/src/rp2_common/pico_double/double_aeabi_rp2040.S.obj
                0x10002958                __wrap___aeabi_cdrcmple
                0x10002968                __wrap___aeabi_cdcmpeq
                0x10002968                __wrap___aeabi_cdcmple
 .text.__wrap___aeabi_dcmplt
                0x100029c4        0xc CMakeFiles/SEGUIDOR.dir/C_/VSARM/sdk/pico/pico-sdk/src/rp2_common/pico_double/double_aeabi_rp2040.S.obj
                0x100029c4                __wrap___aeabi_dcmplt
 .text.__wrap___aeabi_dcmple
                0x100029d0       0x10 CMakeFiles/SEGUIDOR.dir/C_/VSARM/sdk/pico/pico-sdk/src/rp2_common/pico_double/double_aeabi_rp2040.S.obj
                0x100029d0                __wrap___aeabi_dcmple
 .text.__wrap___aeabi_dcmpge
                0x100029e0       0x10 CMakeFiles/SEGUIDOR.dir/C_/VSARM/sdk/pico/pico-sdk/src/rp2_common/pico_double/double_aeabi_rp2040.S.obj
                0x100029e0                __wrap___aeabi_dcmpge
 .text.__wrap___aeabi_dcmpgt
                0x100029f0        0xa CMakeFiles/SEGUIDOR.dir/C_/VSARM/sdk/pico/pico-sdk/src/rp2_common/pico_double/double_aeabi_rp2040.S.obj
                0x100029f0                __wrap___aeabi_dcmpgt
 .text.__wrap___aeabi_dcmpun
                0x100029fa       0x18 CMakeFiles/SEGUIDOR.dir/C_/VSARM/sdk/pico/pico-sdk/src/rp2_common/pico_double/double_aeabi_rp2040.S.obj
                0x100029fa                __wrap___aeabi_dcmpun
 *fill*         0x10002a12        0x2 
 .text.__wrap___aeabi_i2d
                0x10002a14       0x38 CMakeFiles/SEGUIDOR.dir/C_/VSARM/sdk/pico/pico-sdk/src/rp2_common/pico_double/double_aeabi_rp2040.S.obj
                0x10002a14                uint2double
                0x10002a14                __wrap___aeabi_ui2d
                0x10002a1c                int2double
                0x10002a1c                __wrap___aeabi_i2d
 .text.__wrap___aeabi_d2iz
                0x10002a4c       0x48 CMakeFiles/SEGUIDOR.dir/C_/VSARM/sdk/pico/pico-sdk/src/rp2_common/pico_double/double_aeabi_rp2040.S.obj
                0x10002a4c                double2int_z
                0x10002a4c                __wrap___aeabi_d2iz
 .text.__wrap___aeabi_d2uiz
                0x10002a94       0x18 CMakeFiles/SEGUIDOR.dir/C_/VSARM/sdk/pico/pico-sdk/src/rp2_common/pico_double/double_aeabi_rp2040.S.obj
                0x10002a94                double2uint
                0x10002a94                __wrap___aeabi_d2uiz
                0x10002a94                double2uint_z
 .text.__aeabi_double_init
                0x10002aac       0xa0 CMakeFiles/SEGUIDOR.dir/C_/VSARM/sdk/pico/pico-sdk/src/rp2_common/pico_double/double_init_rom_rp2040.c.obj
                0x10002aac                __aeabi_double_init
 .text.double_table_shim_on_use_helper
                0x10002b4c       0x2c CMakeFiles/SEGUIDOR.dir/C_/VSARM/sdk/pico/pico-sdk/src/rp2_common/pico_double/double_v1_rom_shim_rp2040.S.obj
                0x10002b4c                double_table_shim_on_use_helper
 .text.__wrap___aeabi_dsub
                0x10002b78       0x10 CMakeFiles/SEGUIDOR.dir/C_/VSARM/sdk/pico/pico-sdk/src/rp2_common/pico_double/double_v1_rom_shim_rp2040.S.obj
                0x10002b78                drsub_shim
                0x10002b7e                dsub_shim
 .text.dadd_shim
                0x10002b88      0x15c CMakeFiles/SEGUIDOR.dir/C_/VSARM/sdk/pico/pico-sdk/src/rp2_common/pico_double/double_v1_rom_shim_rp2040.S.obj
                0x10002b88                dadd_shim
 .text.dmul_shim
                0x10002ce4      0x15c CMakeFiles/SEGUIDOR.dir/C_/VSARM/sdk/pico/pico-sdk/src/rp2_common/pico_double/double_v1_rom_shim_rp2040.S.obj
                0x10002ce4                dmul_shim
 .text.ddiv_shim
                0x10002e40      0x1b0 CMakeFiles/SEGUIDOR.dir/C_/VSARM/sdk/pico/pico-sdk/src/rp2_common/pico_double/double_v1_rom_shim_rp2040.S.obj
                0x10002e40                ddiv_shim
 .text.double2uint_shim
                0x10002ff0        0xe CMakeFiles/SEGUIDOR.dir/C_/VSARM/sdk/pico/pico-sdk/src/rp2_common/pico_double/double_v1_rom_shim_rp2040.S.obj
                0x10002ff0                double2uint_shim
                0x10002ff2                double2ufix_shim
 *fill*         0x10002ffe        0x2 
 .text.double2uint64_shim
                0x10003000       0x70 CMakeFiles/SEGUIDOR.dir/C_/VSARM/sdk/pico/pico-sdk/src/rp2_common/pico_double/double_v1_rom_shim_rp2040.S.obj
                0x10003000                double2uint64_shim
                0x10003002                double2ufix64_shim
                0x10003022                d2fix_a
 .text.dunpacks
                0x10003070       0x3c CMakeFiles/SEGUIDOR.dir/C_/VSARM/sdk/pico/pico-sdk/src/rp2_common/pico_double/double_v1_rom_shim_rp2040.S.obj
                0x10003070                dunpacks
 .text.__aeabi_lmul
                0x100030ac       0x32 CMakeFiles/SEGUIDOR.dir/C_/VSARM/sdk/pico/pico-sdk/src/rp2_common/pico_int64_ops/pico_int64_ops_aeabi.S.obj
                0x100030ac                __wrap___aeabi_lmul
 *fill*         0x100030de        0x2 
 .text.__wrap___aeabi_farithmetic
                0x100030e0       0x48 CMakeFiles/SEGUIDOR.dir/C_/VSARM/sdk/pico/pico-sdk/src/rp2_common/pico_float/float_aeabi_rp2040.S.obj
                0x100030e0                __wrap___aeabi_frsub
                0x100030e6                __wrap___aeabi_fsub
                0x100030ec                __wrap___aeabi_fadd
                0x100030f2                __wrap___aeabi_fdiv
                0x1000311a                __wrap___aeabi_fmul
 .text.__wrap___aeabi_cfcmple
                0x10003128       0x50 CMakeFiles/SEGUIDOR.dir/C_/VSARM/sdk/pico/pico-sdk/src/rp2_common/pico_float/float_aeabi_rp2040.S.obj
                0x10003128                __wrap___aeabi_cfrcmple
                0x10003134                __wrap___aeabi_cfcmple
                0x10003134                __wrap___aeabi_cfcmpeq
 .text.__wrap___aeabi_fcmplt
                0x10003178        0xc CMakeFiles/SEGUIDOR.dir/C_/VSARM/sdk/pico/pico-sdk/src/rp2_common/pico_float/float_aeabi_rp2040.S.obj
                0x10003178                __wrap___aeabi_fcmplt
 .text.__wrap___aeabi_fcmpgt
                0x10003184        0xa CMakeFiles/SEGUIDOR.dir/C_/VSARM/sdk/pico/pico-sdk/src/rp2_common/pico_float/float_aeabi_rp2040.S.obj
                0x10003184                __wrap___aeabi_fcmpgt
 .text.__wrap___aeabi_ui2f
                0x1000318e        0xa CMakeFiles/SEGUIDOR.dir/C_/VSARM/sdk/pico/pico-sdk/src/rp2_common/pico_float/float_aeabi_rp2040.S.obj
                0x1000318e                __wrap___aeabi_ui2f
                0x1000318e                uint2float
 .text.__wrap___aeabi_i2f
                0x10003198       0x44 CMakeFiles/SEGUIDOR.dir/C_/VSARM/sdk/pico/pico-sdk/src/rp2_common/pico_float/float_aeabi_rp2040.S.obj
                0x10003198                __wrap___aeabi_i2f
                0x10003198                int2float
 .text.__wrap___aeabi_f2uiz
                0x100031dc        0xc CMakeFiles/SEGUIDOR.dir/C_/VSARM/sdk/pico/pico-sdk/src/rp2_common/pico_float/float_aeabi_rp2040.S.obj
                0x100031dc                float2uint_z
                0x100031dc                __wrap___aeabi_f2uiz
                0x100031dc                float2uint
 .text.__wrap___aeabi_f2d
                0x100031e8       0x14 CMakeFiles/SEGUIDOR.dir/C_/VSARM/sdk/pico/pico-sdk/src/rp2_common/pico_float/float_aeabi_rp2040.S.obj
                0x100031e8                __wrap___aeabi_f2d
 .text.__aeabi_float_init
                0x100031fc       0x64 CMakeFiles/SEGUIDOR.dir/C_/VSARM/sdk/pico/pico-sdk/src/rp2_common/pico_float/float_init_rom_rp2040.c.obj
                0x100031fc                __aeabi_float_init
 .text.float_table_shim_on_use_helper
                0x10003260       0x2c CMakeFiles/SEGUIDOR.dir/C_/VSARM/sdk/pico/pico-sdk/src/rp2_common/pico_float/float_v1_rom_shim_rp2040.S.obj
                0x10003260                float_table_shim_on_use_helper
 .text.float2double_shim
                0x1000328c       0x30 CMakeFiles/SEGUIDOR.dir/C_/VSARM/sdk/pico/pico-sdk/src/rp2_common/pico_float/float_v1_rom_shim_rp2040.S.obj
                0x1000328c                float2double_shim
 .text          0x100032bc       0x10 CMakeFiles/SEGUIDOR.dir/C_/VSARM/sdk/pico/pico-sdk/src/rp2_common/pico_mem_ops/mem_ops_aeabi.S.obj
                0x100032bc                __aeabi_mem_init
 .text.memset   0x100032cc        0xc CMakeFiles/SEGUIDOR.dir/C_/VSARM/sdk/pico/pico-sdk/src/rp2_common/pico_mem_ops/mem_ops_aeabi.S.obj
                0x100032cc                __wrap_memset
 .text.memcpy   0x100032d8        0xc CMakeFiles/SEGUIDOR.dir/C_/VSARM/sdk/pico/pico-sdk/src/rp2_common/pico_mem_ops/mem_ops_aeabi.S.obj
                0x100032d8                __wrap_memcpy
                0x100032d8                __wrap___aeabi_memcpy
 .text._out_null
                0x100032e4        0x4 CMakeFiles/SEGUIDOR.dir/C_/VSARM/sdk/pico/pico-sdk/src/rp2_common/pico_printf/printf.c.obj
 .text._out_rev
                0x100032e8       0x9c CMakeFiles/SEGUIDOR.dir/C_/VSARM/sdk/pico/pico-sdk/src/rp2_common/pico_printf/printf.c.obj
 .text._ntoa_format
                0x10003384      0x1cc CMakeFiles/SEGUIDOR.dir/C_/VSARM/sdk/pico/pico-sdk/src/rp2_common/pico_printf/printf.c.obj
 .text._out_char
                0x10003550       0x10 CMakeFiles/SEGUIDOR.dir/C_/VSARM/sdk/pico/pico-sdk/src/rp2_common/pico_printf/printf.c.obj
 .text._out_fct
                0x10003560       0x10 CMakeFiles/SEGUIDOR.dir/C_/VSARM/sdk/pico/pico-sdk/src/rp2_common/pico_printf/printf.c.obj
 .text._etoa    0x10003570      0x44c CMakeFiles/SEGUIDOR.dir/C_/VSARM/sdk/pico/pico-sdk/src/rp2_common/pico_printf/printf.c.obj
 .text._ftoa    0x100039bc      0x398 CMakeFiles/SEGUIDOR.dir/C_/VSARM/sdk/pico/pico-sdk/src/rp2_common/pico_printf/printf.c.obj
 .text._vsnprintf
                0x10003d54      0xb04 CMakeFiles/SEGUIDOR.dir/C_/VSARM/sdk/pico/pico-sdk/src/rp2_common/pico_printf/printf.c.obj
 .text.vfctprintf
                0x10004858       0x20 CMakeFiles/SEGUIDOR.dir/C_/VSARM/sdk/pico/pico-sdk/src/rp2_common/pico_printf/printf.c.obj
                0x10004858                vfctprintf
 .text.weak_raw_vprintf
                0x10004878       0x30 CMakeFiles/SEGUIDOR.dir/C_/VSARM/sdk/pico/pico-sdk/src/rp2_common/pico_printf/printf.c.obj
                0x10004878                weak_raw_vprintf
 .text._exit    0x100048a8        0x4 CMakeFiles/SEGUIDOR.dir/C_/VSARM/sdk/pico/pico-sdk/src/rp2_common/pico_clib_interface/newlib_interface.c.obj
                0x100048a8                _exit
 .text.exit     0x100048ac        0x8 CMakeFiles/SEGUIDOR.dir/C_/VSARM/sdk/pico/pico-sdk/src/rp2_common/pico_clib_interface/newlib_interface.c.obj
                0x100048ac                exit
 .text.runtime_init
                0x100048b4       0x2c CMakeFiles/SEGUIDOR.dir/C_/VSARM/sdk/pico/pico-sdk/src/rp2_common/pico_clib_interface/newlib_interface.c.obj
                0x100048b4                runtime_init
 .text.stdio_out_chars_no_crlf
                0x100048e0       0x10 CMakeFiles/SEGUIDOR.dir/C_/VSARM/sdk/pico/pico-sdk/src/rp2_common/pico_stdio/stdio.c.obj
 .text.stdio_out_chars_crlf
                0x100048f0       0xb4 CMakeFiles/SEGUIDOR.dir/C_/VSARM/sdk/pico/pico-sdk/src/rp2_common/pico_stdio/stdio.c.obj
 .text.stdio_buffered_printer
                0x100049a4       0x64 CMakeFiles/SEGUIDOR.dir/C_/VSARM/sdk/pico/pico-sdk/src/rp2_common/pico_stdio/stdio.c.obj
 .text.stdio_put_string
                0x10004a08      0x100 CMakeFiles/SEGUIDOR.dir/C_/VSARM/sdk/pico/pico-sdk/src/rp2_common/pico_stdio/stdio.c.obj
                0x10004a08                stdio_put_string
 .text.stdio_set_driver_enabled
                0x10004b08       0x30 CMakeFiles/SEGUIDOR.dir/C_/VSARM/sdk/pico/pico-sdk/src/rp2_common/pico_stdio/stdio.c.obj
                0x10004b08                stdio_set_driver_enabled
 .text.stdio_init_all
                0x10004b38        0x8 CMakeFiles/SEGUIDOR.dir/C_/VSARM/sdk/pico/pico-sdk/src/rp2_common/pico_stdio/stdio.c.obj
                0x10004b38                stdio_init_all
 .text.__wrap_putchar
                0x10004b40       0x98 CMakeFiles/SEGUIDOR.dir/C_/VSARM/sdk/pico/pico-sdk/src/rp2_common/pico_stdio/stdio.c.obj
                0x10004b40                __wrap_putchar
                0x10004b40                stdio_putchar
 .text.__wrap_puts
                0x10004bd8       0x3c CMakeFiles/SEGUIDOR.dir/C_/VSARM/sdk/pico/pico-sdk/src/rp2_common/pico_stdio/stdio.c.obj
                0x10004bd8                stdio_puts
                0x10004bd8                __wrap_puts
 .text.__wrap_vprintf
                0x10004c14       0xd8 CMakeFiles/SEGUIDOR.dir/C_/VSARM/sdk/pico/pico-sdk/src/rp2_common/pico_stdio/stdio.c.obj
                0x10004c14                stdio_vprintf
                0x10004c14                __wrap_vprintf
 .text.__wrap_printf
                0x10004cec       0x18 CMakeFiles/SEGUIDOR.dir/C_/VSARM/sdk/pico/pico-sdk/src/rp2_common/pico_stdio/stdio.c.obj
                0x10004cec                __wrap_printf
                0x10004cec                stdio_printf
 .text.resetd_init
                0x10004d04        0x4 CMakeFiles/SEGUIDOR.dir/C_/VSARM/sdk/pico/pico-sdk/src/rp2_common/pico_stdio_usb/reset_interface.c.obj
 .text.resetd_reset
                0x10004d08        0xc CMakeFiles/SEGUIDOR.dir/C_/VSARM/sdk/pico/pico-sdk/src/rp2_common/pico_stdio_usb/reset_interface.c.obj
 .text.resetd_open
                0x10004d14       0x28 CMakeFiles/SEGUIDOR.dir/C_/VSARM/sdk/pico/pico-sdk/src/rp2_common/pico_stdio_usb/reset_interface.c.obj
 .text.resetd_xfer_cb
                0x10004d3c        0x4 CMakeFiles/SEGUIDOR.dir/C_/VSARM/sdk/pico/pico-sdk/src/rp2_common/pico_stdio_usb/reset_interface.c.obj
 .text.resetd_control_xfer_cb
                0x10004d40       0x60 CMakeFiles/SEGUIDOR.dir/C_/VSARM/sdk/pico/pico-sdk/src/rp2_common/pico_stdio_usb/reset_interface.c.obj
 .text.tud_descriptor_bos_cb
                0x10004da0        0x8 CMakeFiles/SEGUIDOR.dir/C_/VSARM/sdk/pico/pico-sdk/src/rp2_common/pico_stdio_usb/reset_interface.c.obj
                0x10004da0                tud_descriptor_bos_cb
 .text.tud_vendor_control_xfer_cb
                0x10004da8       0x34 CMakeFiles/SEGUIDOR.dir/C_/VSARM/sdk/pico/pico-sdk/src/rp2_common/pico_stdio_usb/reset_interface.c.obj
                0x10004da8                tud_vendor_control_xfer_cb
 .text.usbd_app_driver_get_cb
                0x10004ddc        0xc CMakeFiles/SEGUIDOR.dir/C_/VSARM/sdk/pico/pico-sdk/src/rp2_common/pico_stdio_usb/reset_interface.c.obj
                0x10004ddc                usbd_app_driver_get_cb
 .text.tud_cdc_line_coding_cb
                0x10004de8       0x2c CMakeFiles/SEGUIDOR.dir/C_/VSARM/sdk/pico/pico-sdk/src/rp2_common/pico_stdio_usb/reset_interface.c.obj
                0x10004de8                tud_cdc_line_coding_cb
 .text.stdio_usb_set_chars_available_callback
                0x10004e14       0x14 CMakeFiles/SEGUIDOR.dir/C_/VSARM/sdk/pico/pico-sdk/src/rp2_common/pico_stdio_usb/stdio_usb.c.obj
                0x10004e14                stdio_usb_set_chars_available_callback
 .text.usb_irq  0x10004e28       0x10 CMakeFiles/SEGUIDOR.dir/C_/VSARM/sdk/pico/pico-sdk/src/rp2_common/pico_stdio_usb/stdio_usb.c.obj
 .text.timer_task
                0x10004e38       0x64 CMakeFiles/SEGUIDOR.dir/C_/VSARM/sdk/pico/pico-sdk/src/rp2_common/pico_stdio_usb/stdio_usb.c.obj
 .text.stdio_usb_in_chars
                0x10004e9c       0x90 CMakeFiles/SEGUIDOR.dir/C_/VSARM/sdk/pico/pico-sdk/src/rp2_common/pico_stdio_usb/stdio_usb.c.obj
                0x10004e9c                stdio_usb_in_chars
 .text.stdio_usb_out_flush
                0x10004f2c       0x50 CMakeFiles/SEGUIDOR.dir/C_/VSARM/sdk/pico/pico-sdk/src/rp2_common/pico_stdio_usb/stdio_usb.c.obj
 .text.stdio_usb_out_chars
                0x10004f7c      0x100 CMakeFiles/SEGUIDOR.dir/C_/VSARM/sdk/pico/pico-sdk/src/rp2_common/pico_stdio_usb/stdio_usb.c.obj
 .text.low_priority_worker_irq
                0x1000507c       0xc8 CMakeFiles/SEGUIDOR.dir/C_/VSARM/sdk/pico/pico-sdk/src/rp2_common/pico_stdio_usb/stdio_usb.c.obj
 .text.stdio_usb_init
                0x10005144       0xe8 CMakeFiles/SEGUIDOR.dir/C_/VSARM/sdk/pico/pico-sdk/src/rp2_common/pico_stdio_usb/stdio_usb.c.obj
                0x10005144                stdio_usb_init
 .text.tud_descriptor_device_cb
                0x1000522c        0x8 CMakeFiles/SEGUIDOR.dir/C_/VSARM/sdk/pico/pico-sdk/src/rp2_common/pico_stdio_usb/stdio_usb_descriptors.c.obj
                0x1000522c                tud_descriptor_device_cb
 .text.tud_descriptor_configuration_cb
                0x10005234        0x8 CMakeFiles/SEGUIDOR.dir/C_/VSARM/sdk/pico/pico-sdk/src/rp2_common/pico_stdio_usb/stdio_usb_descriptors.c.obj
                0x10005234                tud_descriptor_configuration_cb
 .text.tud_descriptor_string_cb
                0x1000523c       0x74 CMakeFiles/SEGUIDOR.dir/C_/VSARM/sdk/pico/pico-sdk/src/rp2_common/pico_stdio_usb/stdio_usb_descriptors.c.obj
                0x1000523c                tud_descriptor_string_cb
 .text.startup._retrieve_unique_id_on_boot
                0x100052b0       0x10 CMakeFiles/SEGUIDOR.dir/C_/VSARM/sdk/pico/pico-sdk/src/rp2_common/pico_unique_id/unique_id.c.obj
 .text.pico_get_unique_board_id_string
                0x100052c0      0x1a8 CMakeFiles/SEGUIDOR.dir/C_/VSARM/sdk/pico/pico-sdk/src/rp2_common/pico_unique_id/unique_id.c.obj
                0x100052c0                pico_get_unique_board_id_string
 .text.flash_get_unique_id
                0x10005468       0x40 CMakeFiles/SEGUIDOR.dir/C_/VSARM/sdk/pico/pico-sdk/src/rp2_common/hardware_flash/flash.c.obj
                0x10005468                flash_get_unique_id
 .text.dcd_init
                0x100054a8       0x90 CMakeFiles/SEGUIDOR.dir/C_/VSARM/sdk/pico/pico-sdk/lib/tinyusb/src/portable/raspberrypi/rp2040/dcd_rp2040.c.obj
                0x100054a8                dcd_init
 .text.dcd_int_enable
                0x10005538        0xc CMakeFiles/SEGUIDOR.dir/C_/VSARM/sdk/pico/pico-sdk/lib/tinyusb/src/portable/raspberrypi/rp2040/dcd_rp2040.c.obj
                0x10005538                dcd_int_enable
 .text.dcd_set_address
                0x10005544       0x14 CMakeFiles/SEGUIDOR.dir/C_/VSARM/sdk/pico/pico-sdk/lib/tinyusb/src/portable/raspberrypi/rp2040/dcd_rp2040.c.obj
                0x10005544                dcd_set_address
 .text.dcd_sof_enable
                0x10005558       0x1c CMakeFiles/SEGUIDOR.dir/C_/VSARM/sdk/pico/pico-sdk/lib/tinyusb/src/portable/raspberrypi/rp2040/dcd_rp2040.c.obj
                0x10005558                dcd_sof_enable
 .text.dcd_edpt0_status_complete
                0x10005574       0x1c CMakeFiles/SEGUIDOR.dir/C_/VSARM/sdk/pico/pico-sdk/lib/tinyusb/src/portable/raspberrypi/rp2040/dcd_rp2040.c.obj
                0x10005574                dcd_edpt0_status_complete
 .text.dcd_edpt_open
                0x10005590      0x114 CMakeFiles/SEGUIDOR.dir/C_/VSARM/sdk/pico/pico-sdk/lib/tinyusb/src/portable/raspberrypi/rp2040/dcd_rp2040.c.obj
                0x10005590                dcd_edpt_open
 .text.dcd_edpt_close_all
                0x100056a4        0x8 CMakeFiles/SEGUIDOR.dir/C_/VSARM/sdk/pico/pico-sdk/lib/tinyusb/src/portable/raspberrypi/rp2040/dcd_rp2040.c.obj
                0x100056a4                dcd_edpt_close_all
 .text.dcd_edpt_xfer
                0x100056ac       0x24 CMakeFiles/SEGUIDOR.dir/C_/VSARM/sdk/pico/pico-sdk/lib/tinyusb/src/portable/raspberrypi/rp2040/dcd_rp2040.c.obj
                0x100056ac                dcd_edpt_xfer
 .text.dcd_edpt_stall
                0x100056d0       0x38 CMakeFiles/SEGUIDOR.dir/C_/VSARM/sdk/pico/pico-sdk/lib/tinyusb/src/portable/raspberrypi/rp2040/dcd_rp2040.c.obj
                0x100056d0                dcd_edpt_stall
 .text.dcd_edpt_clear_stall
                0x10005708       0x30 CMakeFiles/SEGUIDOR.dir/C_/VSARM/sdk/pico/pico-sdk/lib/tinyusb/src/portable/raspberrypi/rp2040/dcd_rp2040.c.obj
                0x10005708                dcd_edpt_clear_stall
 .text.rp2040_usb_init
                0x10005738       0x40 CMakeFiles/SEGUIDOR.dir/C_/VSARM/sdk/pico/pico-sdk/lib/tinyusb/src/portable/raspberrypi/rp2040/rp2040_usb.c.obj
                0x10005738                rp2040_usb_init
 .text.hw_endpoint_xfer_start
                0x10005778       0x50 CMakeFiles/SEGUIDOR.dir/C_/VSARM/sdk/pico/pico-sdk/lib/tinyusb/src/portable/raspberrypi/rp2040/rp2040_usb.c.obj
                0x10005778                hw_endpoint_xfer_start
 .text.tud_event_hook_cb
                0x100057c8        0x4 CMakeFiles/SEGUIDOR.dir/C_/VSARM/sdk/pico/pico-sdk/lib/tinyusb/src/device/usbd.c.obj
                0x100057c8                tud_event_hook_cb
 .text.tud_sof_cb
                0x100057cc        0x4 CMakeFiles/SEGUIDOR.dir/C_/VSARM/sdk/pico/pico-sdk/lib/tinyusb/src/device/usbd.c.obj
                0x100057cc                tud_sof_cb
 .text.tud_descriptor_device_qualifier_cb
                0x100057d0        0x4 CMakeFiles/SEGUIDOR.dir/C_/VSARM/sdk/pico/pico-sdk/lib/tinyusb/src/device/usbd.c.obj
                0x100057d0                tud_descriptor_device_qualifier_cb
 .text.tud_descriptor_other_speed_configuration_cb
                0x100057d4        0x4 CMakeFiles/SEGUIDOR.dir/C_/VSARM/sdk/pico/pico-sdk/lib/tinyusb/src/device/usbd.c.obj
                0x100057d4                tud_descriptor_other_speed_configuration_cb
 .text.tud_mount_cb
                0x100057d8        0x4 CMakeFiles/SEGUIDOR.dir/C_/VSARM/sdk/pico/pico-sdk/lib/tinyusb/src/device/usbd.c.obj
                0x100057d8                tud_mount_cb
 .text.tud_umount_cb
                0x100057dc        0x4 CMakeFiles/SEGUIDOR.dir/C_/VSARM/sdk/pico/pico-sdk/lib/tinyusb/src/device/usbd.c.obj
                0x100057dc                tud_umount_cb
 .text.tud_suspend_cb
                0x100057e0        0x4 CMakeFiles/SEGUIDOR.dir/C_/VSARM/sdk/pico/pico-sdk/lib/tinyusb/src/device/usbd.c.obj
                0x100057e0                tud_suspend_cb
 .text.tud_resume_cb
                0x100057e4        0x4 CMakeFiles/SEGUIDOR.dir/C_/VSARM/sdk/pico/pico-sdk/lib/tinyusb/src/device/usbd.c.obj
                0x100057e4                tud_resume_cb
 .text.tud_mounted
                0x100057e8       0x10 CMakeFiles/SEGUIDOR.dir/C_/VSARM/sdk/pico/pico-sdk/lib/tinyusb/src/device/usbd.c.obj
                0x100057e8                tud_mounted
 .text.tud_suspended
                0x100057f8       0x10 CMakeFiles/SEGUIDOR.dir/C_/VSARM/sdk/pico/pico-sdk/lib/tinyusb/src/device/usbd.c.obj
                0x100057f8                tud_suspended
 .text.tud_rhport_init
                0x10005808       0xf4 CMakeFiles/SEGUIDOR.dir/C_/VSARM/sdk/pico/pico-sdk/lib/tinyusb/src/device/usbd.c.obj
                0x10005808                tud_rhport_init
 .text.tud_task_ext
                0x100058fc      0x800 CMakeFiles/SEGUIDOR.dir/C_/VSARM/sdk/pico/pico-sdk/lib/tinyusb/src/device/usbd.c.obj
                0x100058fc                tud_task_ext
 .text.usbd_open_edpt_pair
                0x100060fc       0x9c CMakeFiles/SEGUIDOR.dir/C_/VSARM/sdk/pico/pico-sdk/lib/tinyusb/src/device/usbd.c.obj
                0x100060fc                usbd_open_edpt_pair
 .text.usbd_edpt_open
                0x10006198       0x34 CMakeFiles/SEGUIDOR.dir/C_/VSARM/sdk/pico/pico-sdk/lib/tinyusb/src/device/usbd.c.obj
                0x10006198                usbd_edpt_open
 .text.usbd_edpt_claim
                0x100061cc       0x28 CMakeFiles/SEGUIDOR.dir/C_/VSARM/sdk/pico/pico-sdk/lib/tinyusb/src/device/usbd.c.obj
                0x100061cc                usbd_edpt_claim
 .text.usbd_edpt_release
                0x100061f4       0x28 CMakeFiles/SEGUIDOR.dir/C_/VSARM/sdk/pico/pico-sdk/lib/tinyusb/src/device/usbd.c.obj
                0x100061f4                usbd_edpt_release
 .text.usbd_edpt_xfer
                0x1000621c       0x4c CMakeFiles/SEGUIDOR.dir/C_/VSARM/sdk/pico/pico-sdk/lib/tinyusb/src/device/usbd.c.obj
                0x1000621c                usbd_edpt_xfer
 .text.tud_control_status
                0x10006268       0x30 CMakeFiles/SEGUIDOR.dir/C_/VSARM/sdk/pico/pico-sdk/lib/tinyusb/src/device/usbd_control.c.obj
                0x10006268                tud_control_status
 .text.tud_control_xfer
                0x10006298       0xbc CMakeFiles/SEGUIDOR.dir/C_/VSARM/sdk/pico/pico-sdk/lib/tinyusb/src/device/usbd_control.c.obj
                0x10006298                tud_control_xfer
 .text.usbd_control_reset
                0x10006354       0x14 CMakeFiles/SEGUIDOR.dir/C_/VSARM/sdk/pico/pico-sdk/lib/tinyusb/src/device/usbd_control.c.obj
                0x10006354                usbd_control_reset
 .text.usbd_control_set_complete_callback
                0x10006368        0xc CMakeFiles/SEGUIDOR.dir/C_/VSARM/sdk/pico/pico-sdk/lib/tinyusb/src/device/usbd_control.c.obj
                0x10006368                usbd_control_set_complete_callback
 .text.usbd_control_set_request
                0x10006374       0x1c CMakeFiles/SEGUIDOR.dir/C_/VSARM/sdk/pico/pico-sdk/lib/tinyusb/src/device/usbd_control.c.obj
                0x10006374                usbd_control_set_request
 .text.usbd_control_xfer_cb
                0x10006390       0xf0 CMakeFiles/SEGUIDOR.dir/C_/VSARM/sdk/pico/pico-sdk/lib/tinyusb/src/device/usbd_control.c.obj
                0x10006390                usbd_control_xfer_cb
 .text._prep_out_transaction.isra.0
                0x10006480       0x6c CMakeFiles/SEGUIDOR.dir/C_/VSARM/sdk/pico/pico-sdk/lib/tinyusb/src/class/cdc/cdc_device.c.obj
 .text.tud_cdc_n_connected
                0x100064ec       0x2c CMakeFiles/SEGUIDOR.dir/C_/VSARM/sdk/pico/pico-sdk/lib/tinyusb/src/class/cdc/cdc_device.c.obj
                0x100064ec                tud_cdc_n_connected
 .text.tud_cdc_n_available
                0x10006518       0x18 CMakeFiles/SEGUIDOR.dir/C_/VSARM/sdk/pico/pico-sdk/lib/tinyusb/src/class/cdc/cdc_device.c.obj
                0x10006518                tud_cdc_n_available
 .text.tud_cdc_n_read
                0x10006530       0x94 CMakeFiles/SEGUIDOR.dir/C_/VSARM/sdk/pico/pico-sdk/lib/tinyusb/src/class/cdc/cdc_device.c.obj
                0x10006530                tud_cdc_n_read
 .text.tud_cdc_n_write_flush
                0x100065c4       0x78 CMakeFiles/SEGUIDOR.dir/C_/VSARM/sdk/pico/pico-sdk/lib/tinyusb/src/class/cdc/cdc_device.c.obj
                0x100065c4                tud_cdc_n_write_flush
 .text.tud_cdc_n_write
                0x1000663c       0x44 CMakeFiles/SEGUIDOR.dir/C_/VSARM/sdk/pico/pico-sdk/lib/tinyusb/src/class/cdc/cdc_device.c.obj
                0x1000663c                tud_cdc_n_write
 .text.tud_cdc_n_write_available
                0x10006680       0x18 CMakeFiles/SEGUIDOR.dir/C_/VSARM/sdk/pico/pico-sdk/lib/tinyusb/src/class/cdc/cdc_device.c.obj
                0x10006680                tud_cdc_n_write_available
 .text.cdcd_init
                0x10006698       0x70 CMakeFiles/SEGUIDOR.dir/C_/VSARM/sdk/pico/pico-sdk/lib/tinyusb/src/class/cdc/cdc_device.c.obj
                0x10006698                cdcd_init
 .text.cdcd_deinit
                0x10006708       0x24 CMakeFiles/SEGUIDOR.dir/C_/VSARM/sdk/pico/pico-sdk/lib/tinyusb/src/class/cdc/cdc_device.c.obj
                0x10006708                cdcd_deinit
 .text.cdcd_reset
                0x1000672c       0x4c CMakeFiles/SEGUIDOR.dir/C_/VSARM/sdk/pico/pico-sdk/lib/tinyusb/src/class/cdc/cdc_device.c.obj
                0x1000672c                cdcd_reset
 .text.cdcd_open
                0x10006778       0xa8 CMakeFiles/SEGUIDOR.dir/C_/VSARM/sdk/pico/pico-sdk/lib/tinyusb/src/class/cdc/cdc_device.c.obj
                0x10006778                cdcd_open
 .text.cdcd_control_xfer_cb
                0x10006820       0xe8 CMakeFiles/SEGUIDOR.dir/C_/VSARM/sdk/pico/pico-sdk/lib/tinyusb/src/class/cdc/cdc_device.c.obj
                0x10006820                cdcd_control_xfer_cb
 .text.cdcd_xfer_cb
                0x10006908       0xfc CMakeFiles/SEGUIDOR.dir/C_/VSARM/sdk/pico/pico-sdk/lib/tinyusb/src/class/cdc/cdc_device.c.obj
                0x10006908                cdcd_xfer_cb
 .text.vendord_init
                0x10006a04       0x5c CMakeFiles/SEGUIDOR.dir/C_/VSARM/sdk/pico/pico-sdk/lib/tinyusb/src/class/vendor/vendor_device.c.obj
                0x10006a04                vendord_init
 .text.vendord_deinit
                0x10006a60       0x1c CMakeFiles/SEGUIDOR.dir/C_/VSARM/sdk/pico/pico-sdk/lib/tinyusb/src/class/vendor/vendor_device.c.obj
                0x10006a60                vendord_deinit
 .text.vendord_reset
                0x10006a7c       0x28 CMakeFiles/SEGUIDOR.dir/C_/VSARM/sdk/pico/pico-sdk/lib/tinyusb/src/class/vendor/vendor_device.c.obj
                0x10006a7c                vendord_reset
 .text.vendord_open
                0x10006aa4      0x128 CMakeFiles/SEGUIDOR.dir/C_/VSARM/sdk/pico/pico-sdk/lib/tinyusb/src/class/vendor/vendor_device.c.obj
                0x10006aa4                vendord_open
 .text.vendord_xfer_cb
                0x10006bcc       0x9c CMakeFiles/SEGUIDOR.dir/C_/VSARM/sdk/pico/pico-sdk/lib/tinyusb/src/class/vendor/vendor_device.c.obj
                0x10006bcc                vendord_xfer_cb
 .text.tusb_rhport_init
                0x10006c68       0x48 CMakeFiles/SEGUIDOR.dir/C_/VSARM/sdk/pico/pico-sdk/lib/tinyusb/src/tusb.c.obj
                0x10006c68                tusb_rhport_init
 .text.tu_edpt_claim
                0x10006cb0       0x50 CMakeFiles/SEGUIDOR.dir/C_/VSARM/sdk/pico/pico-sdk/lib/tinyusb/src/tusb.c.obj
                0x10006cb0                tu_edpt_claim
 .text.tu_edpt_release
                0x10006d00       0x38 CMakeFiles/SEGUIDOR.dir/C_/VSARM/sdk/pico/pico-sdk/lib/tinyusb/src/tusb.c.obj
                0x10006d00                tu_edpt_release
 .text.tu_edpt_validate
                0x10006d38       0x78 CMakeFiles/SEGUIDOR.dir/C_/VSARM/sdk/pico/pico-sdk/lib/tinyusb/src/tusb.c.obj
                0x10006d38                tu_edpt_validate
 .text.tu_edpt_bind_driver
                0x10006db0       0x34 CMakeFiles/SEGUIDOR.dir/C_/VSARM/sdk/pico/pico-sdk/lib/tinyusb/src/tusb.c.obj
                0x10006db0                tu_edpt_bind_driver
 .text.tu_edpt_stream_init
                0x10006de4       0x6c CMakeFiles/SEGUIDOR.dir/C_/VSARM/sdk/pico/pico-sdk/lib/tinyusb/src/tusb.c.obj
                0x10006de4                tu_edpt_stream_init
 .text.tu_edpt_stream_deinit
                0x10006e50        0x4 CMakeFiles/SEGUIDOR.dir/C_/VSARM/sdk/pico/pico-sdk/lib/tinyusb/src/tusb.c.obj
                0x10006e50                tu_edpt_stream_deinit
 .text.tu_edpt_stream_write_zlp_if_needed
                0x10006e54       0x58 CMakeFiles/SEGUIDOR.dir/C_/VSARM/sdk/pico/pico-sdk/lib/tinyusb/src/tusb.c.obj
                0x10006e54                tu_edpt_stream_write_zlp_if_needed
 .text.tu_edpt_stream_write_xfer
                0x10006eac       0x64 CMakeFiles/SEGUIDOR.dir/C_/VSARM/sdk/pico/pico-sdk/lib/tinyusb/src/tusb.c.obj
                0x10006eac                tu_edpt_stream_write_xfer
 .text.tu_edpt_stream_read_xfer
                0x10006f10       0xdc CMakeFiles/SEGUIDOR.dir/C_/VSARM/sdk/pico/pico-sdk/lib/tinyusb/src/tusb.c.obj
                0x10006f10                tu_edpt_stream_read_xfer
 .text.tu_fifo_config
                0x10006fec       0x70 CMakeFiles/SEGUIDOR.dir/C_/VSARM/sdk/pico/pico-sdk/lib/tinyusb/src/common/tusb_fifo.c.obj
                0x10006fec                tu_fifo_config
 .text.tu_fifo_count
                0x1000705c       0x2c CMakeFiles/SEGUIDOR.dir/C_/VSARM/sdk/pico/pico-sdk/lib/tinyusb/src/common/tusb_fifo.c.obj
                0x1000705c                tu_fifo_count
 .text.tu_fifo_empty
                0x10007088       0x10 CMakeFiles/SEGUIDOR.dir/C_/VSARM/sdk/pico/pico-sdk/lib/tinyusb/src/common/tusb_fifo.c.obj
                0x10007088                tu_fifo_empty
 .text.tu_fifo_remaining
                0x10007098       0x2c CMakeFiles/SEGUIDOR.dir/C_/VSARM/sdk/pico/pico-sdk/lib/tinyusb/src/common/tusb_fifo.c.obj
                0x10007098                tu_fifo_remaining
 .text.tu_fifo_read
                0x100070c4       0xa0 CMakeFiles/SEGUIDOR.dir/C_/VSARM/sdk/pico/pico-sdk/lib/tinyusb/src/common/tusb_fifo.c.obj
                0x100070c4                tu_fifo_read
 .text.tu_fifo_read_n
                0x10007164       0xec CMakeFiles/SEGUIDOR.dir/C_/VSARM/sdk/pico/pico-sdk/lib/tinyusb/src/common/tusb_fifo.c.obj
                0x10007164                tu_fifo_read_n
 .text.tu_fifo_write
                0x10007250       0x88 CMakeFiles/SEGUIDOR.dir/C_/VSARM/sdk/pico/pico-sdk/lib/tinyusb/src/common/tusb_fifo.c.obj
                0x10007250                tu_fifo_write
 .text.tu_fifo_write_n
                0x100072d8      0x168 CMakeFiles/SEGUIDOR.dir/C_/VSARM/sdk/pico/pico-sdk/lib/tinyusb/src/common/tusb_fifo.c.obj
                0x100072d8                tu_fifo_write_n
 .text.tu_fifo_clear
                0x10007440       0x40 CMakeFiles/SEGUIDOR.dir/C_/VSARM/sdk/pico/pico-sdk/lib/tinyusb/src/common/tusb_fifo.c.obj
                0x10007440                tu_fifo_clear
 .text.tu_fifo_set_overwritable
                0x10007480       0x48 CMakeFiles/SEGUIDOR.dir/C_/VSARM/sdk/pico/pico-sdk/lib/tinyusb/src/common/tusb_fifo.c.obj
                0x10007480                tu_fifo_set_overwritable
 .text.adc_init
                0x100074c8       0x38 CMakeFiles/SEGUIDOR.dir/C_/VSARM/sdk/pico/pico-sdk/src/rp2_common/hardware_adc/adc.c.obj
                0x100074c8                adc_init
 .text.strlen   0x10007500       0x5c c:/vsarm/armcc/10-2020-q4-major/bin/../lib/gcc/arm-none-eabi/10.2.1/../../../../arm-none-eabi/lib/thumb/v6-m/nofp\libg.a(lib_a-strlen-stub.o)
                0x10007500                strlen
 *(.fini)
 .fini          0x1000755c        0x4 c:/vsarm/armcc/10-2020-q4-major/bin/../lib/gcc/arm-none-eabi/10.2.1/thumb/v6-m/nofp/crti.o
                0x1000755c                _fini
 .fini.__stub   0x10007560       0xd0 linker stubs
 *crtbegin.o(.ctors)
 *crtbegin?.o(.ctors)
 *(EXCLUDE_FILE(*crtend.o *crtend?.o) .ctors)
 *(SORT_BY_NAME(.ctors.*))
 *(.ctors)
 *crtbegin.o(.dtors)
 *crtbegin?.o(.dtors)
 *(EXCLUDE_FILE(*crtend.o *crtend?.o) .dtors)
 *(SORT_BY_NAME(.dtors.*))
 *(.dtors)
                0x10007630                . = ALIGN (0x4)
                0x10007630                PROVIDE (__preinit_array_start = .)
 *(SORT_BY_NAME(.preinit_array.*))
 .preinit_array.00100
                0x10007630        0x4 CMakeFiles/SEGUIDOR.dir/C_/VSARM/sdk/pico/pico-sdk/src/rp2_common/pico_runtime_init/runtime_init.c.obj
                0x10007630                __pre_init_runtime_init_early_resets
 .preinit_array.00101
                0x10007634        0x4 CMakeFiles/SEGUIDOR.dir/C_/VSARM/sdk/pico/pico-sdk/src/rp2_common/pico_runtime_init/runtime_init.c.obj
                0x10007634                __pre_init_runtime_init_usb_power_down
 .preinit_array.00275
                0x10007638        0x4 CMakeFiles/SEGUIDOR.dir/C_/VSARM/sdk/pico/pico-sdk/src/rp2_common/pico_bit_ops/bit_ops_aeabi.S.obj
 .preinit_array.00300
                0x1000763c        0x4 CMakeFiles/SEGUIDOR.dir/C_/VSARM/sdk/pico/pico-sdk/src/rp2_common/pico_mem_ops/mem_ops_aeabi.S.obj
 .preinit_array.00350
                0x10007640        0x4 CMakeFiles/SEGUIDOR.dir/C_/VSARM/sdk/pico/pico-sdk/src/rp2_common/pico_double/double_aeabi_rp2040.S.obj
 .preinit_array.00350
                0x10007644        0x4 CMakeFiles/SEGUIDOR.dir/C_/VSARM/sdk/pico/pico-sdk/src/rp2_common/pico_float/float_aeabi_rp2040.S.obj
 .preinit_array.00500
                0x10007648        0x4 CMakeFiles/SEGUIDOR.dir/C_/VSARM/sdk/pico/pico-sdk/src/rp2_common/pico_runtime_init/runtime_init.c.obj
                0x10007648                __pre_init_runtime_init_clocks
 .preinit_array.00600
                0x1000764c        0x4 CMakeFiles/SEGUIDOR.dir/C_/VSARM/sdk/pico/pico-sdk/src/rp2_common/pico_runtime_init/runtime_init.c.obj
                0x1000764c                __pre_init_runtime_init_post_clock_resets
 .preinit_array.00700
                0x10007650        0x4 CMakeFiles/SEGUIDOR.dir/C_/VSARM/sdk/pico/pico-sdk/src/rp2_common/pico_runtime_init/runtime_init.c.obj
                0x10007650                __pre_init_runtime_init_rp2040_gpio_ie_disable
 .preinit_array.01000
                0x10007654        0x4 CMakeFiles/SEGUIDOR.dir/C_/VSARM/sdk/pico/pico-sdk/src/rp2_common/pico_runtime_init/runtime_init.c.obj
                0x10007654                __pre_init_runtime_init_spin_locks_reset
 .preinit_array.01100
                0x10007658        0x4 CMakeFiles/SEGUIDOR.dir/C_/VSARM/sdk/pico/pico-sdk/src/common/pico_sync/mutex.c.obj
                0x10007658                __pre_init_runtime_init_mutex
 .preinit_array.10080
                0x1000765c        0x4 CMakeFiles/SEGUIDOR.dir/C_/VSARM/sdk/pico/pico-sdk/src/rp2_common/pico_runtime_init/runtime_init.c.obj
                0x1000765c                __pre_init_runtime_init_install_ram_vector_table
 .preinit_array.11000
                0x10007660        0x4 CMakeFiles/SEGUIDOR.dir/C_/VSARM/sdk/pico/pico-sdk/src/common/pico_time/time.c.obj
                0x10007660                __pre_init_runtime_init_default_alarm_pool
 .preinit_array.YYYYY
                0x10007664        0x4 CMakeFiles/SEGUIDOR.dir/C_/VSARM/sdk/pico/pico-sdk/src/rp2_common/pico_runtime/runtime.c.obj
                0x10007664                __pre_init_first_per_core_initializer
 .preinit_array.ZZZZZ.01200
                0x10007668        0x4 CMakeFiles/SEGUIDOR.dir/C_/VSARM/sdk/pico/pico-sdk/src/rp2_common/hardware_irq/irq.c.obj
                0x10007668                __pre_init_runtime_init_per_core_irq_priorities
 *(.preinit_array)
                0x1000766c                PROVIDE (__preinit_array_end = .)
                0x1000766c                . = ALIGN (0x4)
                0x1000766c                PROVIDE (__init_array_start = .)
 *(SORT_BY_NAME(.init_array.*))
 .init_array.01000
                0x1000766c        0x4 CMakeFiles/SEGUIDOR.dir/C_/VSARM/sdk/pico/pico-sdk/src/rp2_common/pico_unique_id/unique_id.c.obj
 *(.init_array)
 .init_array    0x10007670        0x4 c:/vsarm/armcc/10-2020-q4-major/bin/../lib/gcc/arm-none-eabi/10.2.1/thumb/v6-m/nofp/crtbegin.o
                0x10007674                PROVIDE (__init_array_end = .)
                0x10007674                . = ALIGN (0x4)
                [!provide]                PROVIDE (__fini_array_start = .)
 *(SORT_BY_NAME(.fini_array.*))
 *(.fini_array)
                [!provide]                PROVIDE (__fini_array_end = .)
 *(.eh_frame*)
 .eh_frame      0x10007674        0x0 c:/vsarm/armcc/10-2020-q4-major/bin/../lib/gcc/arm-none-eabi/10.2.1/thumb/v6-m/nofp/crtbegin.o
                0x10007674                . = ALIGN (0x4)

.glue_7         0x10007674        0x0
 .glue_7        0x10007674        0x0 linker stubs

.glue_7t        0x10007674        0x0
 .glue_7t       0x10007674        0x0 linker stubs

.vfp11_veneer   0x10007674        0x0
 .vfp11_veneer  0x10007674        0x0 linker stubs

.v4_bx          0x10007674        0x0
 .v4_bx         0x10007674        0x0 linker stubs

.iplt           0x10007674        0x0
 .iplt          0x10007674        0x0 c:/vsarm/armcc/10-2020-q4-major/bin/../lib/gcc/arm-none-eabi/10.2.1/thumb/v6-m/nofp/crtbegin.o

.rodata         0x10007678      0x7f0
 *(EXCLUDE_FILE(*libm.a: *libc.a:*lib_a-mem*.o *libgcc.a:) .rodata*)
 .rodata.activity1.str1.4
                0x10007678       0x3c CMakeFiles/SEGUIDOR.dir/regleta.c.obj
 .rodata.activity2.str1.4
                0x100076b4       0x70 CMakeFiles/SEGUIDOR.dir/regleta.c.obj
 .rodata.activity3.str1.4
                0x10007724       0x6a CMakeFiles/SEGUIDOR.dir/regleta.c.obj
 *fill*         0x1000778e        0x2 
 .rodata.activity4.str1.4
                0x10007790       0x32 CMakeFiles/SEGUIDOR.dir/regleta.c.obj
 *fill*         0x100077c2        0x2 
 .rodata.init_system.str1.4
                0x100077c4       0x4f CMakeFiles/SEGUIDOR.dir/regleta.c.obj
 *fill*         0x10007813        0x1 
 .rodata.panic.str1.4
                0x10007814       0x10 CMakeFiles/SEGUIDOR.dir/C_/VSARM/sdk/pico/pico-sdk/src/rp2_common/pico_platform_panic/panic.c.obj
                                 0x12 (size before relaxing)
 .rodata.spin_lock_claim_unused.str1.4
                0x10007824       0x1b CMakeFiles/SEGUIDOR.dir/C_/VSARM/sdk/pico/pico-sdk/src/rp2_common/hardware_sync/sync.c.obj
 *fill*         0x1000783f        0x1 
 .rodata.user_irq_claim_unused.str1.4
                0x10007840       0x1b CMakeFiles/SEGUIDOR.dir/C_/VSARM/sdk/pico/pico-sdk/src/rp2_common/hardware_irq/irq.c.obj
 *fill*         0x1000785b        0x1 
 .rodata.timer_hardware_alarm_claim.str1.4
                0x1000785c       0x22 CMakeFiles/SEGUIDOR.dir/C_/VSARM/sdk/pico/pico-sdk/src/rp2_common/hardware_timer/timer.c.obj
 *fill*         0x1000787e        0x2 
 .rodata.hard_assertion_failure.str1.4
                0x10007880        0xc CMakeFiles/SEGUIDOR.dir/C_/VSARM/sdk/pico/pico-sdk/src/rp2_common/pico_runtime/runtime.c.obj
 .rodata.str1.4
                0x1000788c       0x40 CMakeFiles/SEGUIDOR.dir/C_/VSARM/sdk/pico/pico-sdk/src/rp2_common/pico_standard_binary_info/standard_binary_info.c.obj
 .rodata.__bi_26
                0x100078cc        0xc CMakeFiles/SEGUIDOR.dir/C_/VSARM/sdk/pico/pico-sdk/src/rp2_common/pico_standard_binary_info/standard_binary_info.c.obj
 .rodata.__bi_34
                0x100078d8        0xc CMakeFiles/SEGUIDOR.dir/C_/VSARM/sdk/pico/pico-sdk/src/rp2_common/pico_standard_binary_info/standard_binary_info.c.obj
 .rodata.__bi_42
                0x100078e4        0xc CMakeFiles/SEGUIDOR.dir/C_/VSARM/sdk/pico/pico-sdk/src/rp2_common/pico_standard_binary_info/standard_binary_info.c.obj
 .rodata.__bi_48
                0x100078f0        0xc CMakeFiles/SEGUIDOR.dir/C_/VSARM/sdk/pico/pico-sdk/src/rp2_common/pico_standard_binary_info/standard_binary_info.c.obj
 .rodata.__bi_54
                0x100078fc        0xc CMakeFiles/SEGUIDOR.dir/C_/VSARM/sdk/pico/pico-sdk/src/rp2_common/pico_standard_binary_info/standard_binary_info.c.obj
 .rodata.__bi_78
                0x10007908        0xc CMakeFiles/SEGUIDOR.dir/C_/VSARM/sdk/pico/pico-sdk/src/rp2_common/pico_standard_binary_info/standard_binary_info.c.obj
 .rodata.__bi_84
                0x10007914        0xc CMakeFiles/SEGUIDOR.dir/C_/VSARM/sdk/pico/pico-sdk/src/rp2_common/pico_standard_binary_info/standard_binary_info.c.obj
 .rodata._ftoa.str1.4
                0x10007920       0x15 CMakeFiles/SEGUIDOR.dir/C_/VSARM/sdk/pico/pico-sdk/src/rp2_common/pico_printf/printf.c.obj
 *fill*         0x10007935        0x3 
 .rodata._vsnprintf
                0x10007938      0x1e0 CMakeFiles/SEGUIDOR.dir/C_/VSARM/sdk/pico/pico-sdk/src/rp2_common/pico_printf/printf.c.obj
 .rodata.pow10.0
                0x10007b18       0x50 CMakeFiles/SEGUIDOR.dir/C_/VSARM/sdk/pico/pico-sdk/src/rp2_common/pico_printf/printf.c.obj
 .rodata.crlf_str.0
                0x10007b68        0x2 CMakeFiles/SEGUIDOR.dir/C_/VSARM/sdk/pico/pico-sdk/src/rp2_common/pico_stdio/stdio.c.obj
 *fill*         0x10007b6a        0x2 
 .rodata._resetd_driver
                0x10007b6c       0x20 CMakeFiles/SEGUIDOR.dir/C_/VSARM/sdk/pico/pico-sdk/src/rp2_common/pico_stdio_usb/reset_interface.c.obj
 .rodata.desc_bos
                0x10007b8c       0x21 CMakeFiles/SEGUIDOR.dir/C_/VSARM/sdk/pico/pico-sdk/src/rp2_common/pico_stdio_usb/reset_interface.c.obj
                0x10007b8c                desc_bos
 *fill*         0x10007bad        0x3 
 .rodata.desc_ms_os_20
                0x10007bb0       0xa6 CMakeFiles/SEGUIDOR.dir/C_/VSARM/sdk/pico/pico-sdk/src/rp2_common/pico_stdio_usb/reset_interface.c.obj
 *fill*         0x10007c56        0x2 
 .rodata.str1.4
                0x10007c58       0x13 CMakeFiles/SEGUIDOR.dir/C_/VSARM/sdk/pico/pico-sdk/src/rp2_common/pico_stdio_usb/stdio_usb.c.obj
 *fill*         0x10007c6b        0x1 
 .rodata.__bi_202.0
                0x10007c6c        0xc CMakeFiles/SEGUIDOR.dir/C_/VSARM/sdk/pico/pico-sdk/src/rp2_common/pico_stdio_usb/stdio_usb.c.obj
 .rodata.str1.4
                0x10007c78       0x2a CMakeFiles/SEGUIDOR.dir/C_/VSARM/sdk/pico/pico-sdk/src/rp2_common/pico_stdio_usb/stdio_usb_descriptors.c.obj
 *fill*         0x10007ca2        0x2 
 .rodata.usbd_desc_cfg
                0x10007ca4       0x54 CMakeFiles/SEGUIDOR.dir/C_/VSARM/sdk/pico/pico-sdk/src/rp2_common/pico_stdio_usb/stdio_usb_descriptors.c.obj
 .rodata.usbd_desc_device
                0x10007cf8       0x12 CMakeFiles/SEGUIDOR.dir/C_/VSARM/sdk/pico/pico-sdk/src/rp2_common/pico_stdio_usb/stdio_usb_descriptors.c.obj
 *fill*         0x10007d0a        0x2 
 .rodata.usbd_desc_str
                0x10007d0c       0x18 CMakeFiles/SEGUIDOR.dir/C_/VSARM/sdk/pico/pico-sdk/src/rp2_common/pico_stdio_usb/stdio_usb_descriptors.c.obj
 .rodata.str1.4
                0x10007d24       0x14 CMakeFiles/SEGUIDOR.dir/C_/VSARM/sdk/pico/pico-sdk/lib/tinyusb/src/portable/raspberrypi/rp2040/dcd_rp2040.c.obj
 .rodata.str1.4
                0x10007d38       0x48 CMakeFiles/SEGUIDOR.dir/C_/VSARM/sdk/pico/pico-sdk/lib/tinyusb/src/portable/raspberrypi/rp2040/rp2040_usb.c.obj
 .rodata.tud_task_ext
                0x10007d80       0x8c CMakeFiles/SEGUIDOR.dir/C_/VSARM/sdk/pico/pico-sdk/lib/tinyusb/src/device/usbd.c.obj
 .rodata        0x10007e0c       0x1c CMakeFiles/SEGUIDOR.dir/C_/VSARM/sdk/pico/pico-sdk/lib/tinyusb/src/device/usbd.c.obj
 .rodata._usbd_driver
                0x10007e28       0x40 CMakeFiles/SEGUIDOR.dir/C_/VSARM/sdk/pico/pico-sdk/lib/tinyusb/src/device/usbd.c.obj
                0x10007e68                . = ALIGN (0x4)
 *(SORT_BY_ALIGNMENT(SORT_BY_NAME(.flashdata*)))
                0x10007e68                . = ALIGN (0x4)

.ARM.extab
 *(.ARM.extab* .gnu.linkonce.armextab.*)
                0x10007e68                __exidx_start = .

.ARM.exidx
 *(.ARM.exidx* .gnu.linkonce.armexidx.*)
                0x10007e68                __exidx_end = .
                0x10007e68                . = ALIGN (0x4)
                0x10007e68                __binary_info_start = .

.binary_info    0x10007e68       0x20
 *(.binary_info.keep.*)
 .binary_info.keep.__bi_ptr26
                0x10007e68        0x4 CMakeFiles/SEGUIDOR.dir/C_/VSARM/sdk/pico/pico-sdk/src/rp2_common/pico_standard_binary_info/standard_binary_info.c.obj
 .binary_info.keep.__bi_ptr34
                0x10007e6c        0x4 CMakeFiles/SEGUIDOR.dir/C_/VSARM/sdk/pico/pico-sdk/src/rp2_common/pico_standard_binary_info/standard_binary_info.c.obj
 .binary_info.keep.__bi_ptr42
                0x10007e70        0x4 CMakeFiles/SEGUIDOR.dir/C_/VSARM/sdk/pico/pico-sdk/src/rp2_common/pico_standard_binary_info/standard_binary_info.c.obj
 .binary_info.keep.__bi_ptr48
                0x10007e74        0x4 CMakeFiles/SEGUIDOR.dir/C_/VSARM/sdk/pico/pico-sdk/src/rp2_common/pico_standard_binary_info/standard_binary_info.c.obj
 .binary_info.keep.__bi_ptr54
                0x10007e78        0x4 CMakeFiles/SEGUIDOR.dir/C_/VSARM/sdk/pico/pico-sdk/src/rp2_common/pico_standard_binary_info/standard_binary_info.c.obj
 .binary_info.keep.__bi_ptr78
                0x10007e7c        0x4 CMakeFiles/SEGUIDOR.dir/C_/VSARM/sdk/pico/pico-sdk/src/rp2_common/pico_standard_binary_info/standard_binary_info.c.obj
 .binary_info.keep.__bi_ptr84
                0x10007e80        0x4 CMakeFiles/SEGUIDOR.dir/C_/VSARM/sdk/pico/pico-sdk/src/rp2_common/pico_standard_binary_info/standard_binary_info.c.obj
 *(.binary_info.*)
 .binary_info.__bi_ptr202
                0x10007e84        0x4 CMakeFiles/SEGUIDOR.dir/C_/VSARM/sdk/pico/pico-sdk/src/rp2_common/pico_stdio_usb/stdio_usb.c.obj
                0x10007e88                __binary_info_end = .
                0x10007e88                . = ALIGN (0x4)

.ram_vector_table
                0x20000000       0xc0
 *(.ram_vector_table)
 .ram_vector_table
                0x20000000       0xc0 CMakeFiles/SEGUIDOR.dir/C_/VSARM/sdk/pico/pico-sdk/src/rp2_common/pico_runtime_init/runtime_init.c.obj
                0x20000000                ram_vector_table

.uninitialized_data
                0x200000c0        0x0
                0x200000c0                . = ALIGN (0x4)
 *(.uninitialized_data*)

.data           0x200000c0     0x1070 load address 0x10007e88
                0x200000c0                __data_start__ = .
 *(vtable)
 *(.time_critical*)
 .time_critical.mutex_try_enter
                0x200000c0       0x44 CMakeFiles/SEGUIDOR.dir/C_/VSARM/sdk/pico/pico-sdk/src/common/pico_sync/mutex.c.obj
                0x200000c0                mutex_try_enter
 .time_critical.mutex_try_enter_block_until
                0x20000104       0x9c CMakeFiles/SEGUIDOR.dir/C_/VSARM/sdk/pico/pico-sdk/src/common/pico_sync/mutex.c.obj
                0x20000104                mutex_try_enter_block_until
 .time_critical.mutex_enter_timeout_ms
                0x200001a0       0x90 CMakeFiles/SEGUIDOR.dir/C_/VSARM/sdk/pico/pico-sdk/src/common/pico_sync/mutex.c.obj
                0x200001a0                mutex_enter_timeout_ms
 .time_critical.mutex_exit
                0x20000230       0x28 CMakeFiles/SEGUIDOR.dir/C_/VSARM/sdk/pico/pico-sdk/src/common/pico_sync/mutex.c.obj
                0x20000230                mutex_exit
 .time_critical.flash_init_boot2_copyout
                0x20000258       0x30 CMakeFiles/SEGUIDOR.dir/C_/VSARM/sdk/pico/pico-sdk/src/rp2_common/hardware_flash/flash.c.obj
 .time_critical.flash_enable_xip_via_boot2
                0x20000288       0x10 CMakeFiles/SEGUIDOR.dir/C_/VSARM/sdk/pico/pico-sdk/src/rp2_common/hardware_flash/flash.c.obj
 .time_critical.flash_save_hardware_state
                0x20000298       0x28 CMakeFiles/SEGUIDOR.dir/C_/VSARM/sdk/pico/pico-sdk/src/rp2_common/hardware_flash/flash.c.obj
 .time_critical.flash_restore_hardware_state
                0x200002c0       0x28 CMakeFiles/SEGUIDOR.dir/C_/VSARM/sdk/pico/pico-sdk/src/rp2_common/hardware_flash/flash.c.obj
 .time_critical.flash_cs_force
                0x200002e8       0x38 CMakeFiles/SEGUIDOR.dir/C_/VSARM/sdk/pico/pico-sdk/src/rp2_common/hardware_flash/flash.c.obj
 .time_critical.flash_do_cmd
                0x20000320       0xd4 CMakeFiles/SEGUIDOR.dir/C_/VSARM/sdk/pico/pico-sdk/src/rp2_common/hardware_flash/flash.c.obj
                0x20000320                flash_do_cmd
 .time_critical.reset_non_control_endpoints
                0x200003f4       0xbc CMakeFiles/SEGUIDOR.dir/C_/VSARM/sdk/pico/pico-sdk/lib/tinyusb/src/portable/raspberrypi/rp2040/dcd_rp2040.c.obj
 .time_critical.hw_handle_buff_status
                0x200004b0       0x98 CMakeFiles/SEGUIDOR.dir/C_/VSARM/sdk/pico/pico-sdk/lib/tinyusb/src/portable/raspberrypi/rp2040/dcd_rp2040.c.obj
 .time_critical.dcd_rp2040_irq
                0x20000548      0x530 CMakeFiles/SEGUIDOR.dir/C_/VSARM/sdk/pico/pico-sdk/lib/tinyusb/src/portable/raspberrypi/rp2040/dcd_rp2040.c.obj
 .time_critical.prepare_ep_buffer
                0x20000a78       0xf4 CMakeFiles/SEGUIDOR.dir/C_/VSARM/sdk/pico/pico-sdk/lib/tinyusb/src/portable/raspberrypi/rp2040/rp2040_usb.c.obj
 .time_critical.sync_ep_buffer
                0x20000b6c       0xb4 CMakeFiles/SEGUIDOR.dir/C_/VSARM/sdk/pico/pico-sdk/lib/tinyusb/src/portable/raspberrypi/rp2040/rp2040_usb.c.obj
 .time_critical._hw_endpoint_xfer_sync
                0x20000c20       0x28 CMakeFiles/SEGUIDOR.dir/C_/VSARM/sdk/pico/pico-sdk/lib/tinyusb/src/portable/raspberrypi/rp2040/rp2040_usb.c.obj
 .time_critical.e15_is_bulkin_ep
                0x20000c48       0x28 CMakeFiles/SEGUIDOR.dir/C_/VSARM/sdk/pico/pico-sdk/lib/tinyusb/src/portable/raspberrypi/rp2040/rp2040_usb.c.obj
 .time_critical.e15_is_critical_frame_period
                0x20000c70       0x34 CMakeFiles/SEGUIDOR.dir/C_/VSARM/sdk/pico/pico-sdk/lib/tinyusb/src/portable/raspberrypi/rp2040/rp2040_usb.c.obj
 .time_critical.hw_endpoint_reset_transfer
                0x20000ca4        0xc CMakeFiles/SEGUIDOR.dir/C_/VSARM/sdk/pico/pico-sdk/lib/tinyusb/src/portable/raspberrypi/rp2040/rp2040_usb.c.obj
                0x20000ca4                hw_endpoint_reset_transfer
 .time_critical._hw_endpoint_buffer_control_update32
                0x20000cb0       0x50 CMakeFiles/SEGUIDOR.dir/C_/VSARM/sdk/pico/pico-sdk/lib/tinyusb/src/portable/raspberrypi/rp2040/rp2040_usb.c.obj
                0x20000cb0                _hw_endpoint_buffer_control_update32
 .time_critical.hw_endpoint_start_next_buffer
                0x20000d00       0x6c CMakeFiles/SEGUIDOR.dir/C_/VSARM/sdk/pico/pico-sdk/lib/tinyusb/src/portable/raspberrypi/rp2040/rp2040_usb.c.obj
                0x20000d00                hw_endpoint_start_next_buffer
 .time_critical.hw_endpoint_xfer_continue
                0x20000d6c       0x40 CMakeFiles/SEGUIDOR.dir/C_/VSARM/sdk/pico/pico-sdk/lib/tinyusb/src/portable/raspberrypi/rp2040/rp2040_usb.c.obj
                0x20000d6c                hw_endpoint_xfer_continue
 .time_critical.tinyusb
                0x20000dac      0x1f0 CMakeFiles/SEGUIDOR.dir/C_/VSARM/sdk/pico/pico-sdk/lib/tinyusb/src/device/usbd.c.obj
                0x20000dac                dcd_event_handler
 *(.text*)
 .text          0x20000f9c        0x4 c:/vsarm/armcc/10-2020-q4-major/bin/../lib/gcc/arm-none-eabi/10.2.1/thumb/v6-m/nofp\libgcc.a(_dvmd_tls.o)
                0x20000f9c                __aeabi_idiv0
                0x20000f9c                __aeabi_ldiv0
 .text.__stub   0x20000fa0       0x80 linker stubs
                0x20001020                . = ALIGN (0x4)
 *(.rodata*)
                0x20001020                . = ALIGN (0x4)
 *(.data*)
 .data.sensor_positions
                0x20001020       0x40 CMakeFiles/SEGUIDOR.dir/regleta.c.obj
                0x20001020                sensor_positions
 .data.striped_spin_lock_num
                0x20001060        0x1 CMakeFiles/SEGUIDOR.dir/C_/VSARM/sdk/pico/pico-sdk/src/rp2_common/hardware_sync/sync.c.obj
 *fill*         0x20001061        0x3 
 .data          0x20001064       0x48 CMakeFiles/SEGUIDOR.dir/C_/VSARM/sdk/pico/pico-sdk/src/rp2_common/hardware_irq/irq_handler_chain.S.obj
                0x20001064                irq_handler_chain_slots
                0x20001094                irq_handler_chain_first_slot
                0x2000109e                irq_handler_chain_remove_tail
 .data.default_alarm_pool
                0x200010ac       0x18 CMakeFiles/SEGUIDOR.dir/C_/VSARM/sdk/pico/pico-sdk/src/common/pico_time/time.c.obj
 *fill*         0x200010c4        0xc 
 .data.aeabi_bits_funcs
                0x200010d0       0x10 CMakeFiles/SEGUIDOR.dir/C_/VSARM/sdk/pico/pico-sdk/src/rp2_common/pico_bit_ops/bit_ops_aeabi.S.obj
                0x200010d0                aeabi_bits_funcs
                0x200010e0                aeabi_bits_funcs_end
 .data.aeabi_mem_funcs
                0x200010e0       0x10 CMakeFiles/SEGUIDOR.dir/C_/VSARM/sdk/pico/pico-sdk/src/rp2_common/pico_mem_ops/mem_ops_aeabi.S.obj
                0x200010e0                aeabi_mem_funcs
                0x200010f0                aeabi_mem_funcs_end
 .data.stdio_usb
                0x200010f0       0x18 CMakeFiles/SEGUIDOR.dir/C_/VSARM/sdk/pico/pico-sdk/src/rp2_common/pico_stdio_usb/stdio_usb.c.obj
                0x200010f0                stdio_usb
 .data._usbd_qdef
                0x20001108       0x1c CMakeFiles/SEGUIDOR.dir/C_/VSARM/sdk/pico/pico-sdk/lib/tinyusb/src/device/usbd.c.obj
                0x20001108                _usbd_qdef
 .data._usbd_rhport
                0x20001124        0x1 CMakeFiles/SEGUIDOR.dir/C_/VSARM/sdk/pico/pico-sdk/lib/tinyusb/src/device/usbd.c.obj
                0x20001128                . = ALIGN (0x4)
 *fill*         0x20001125        0x3 
 *(.after_data.*)
                0x20001128                . = ALIGN (0x4)
                0x20001128                PROVIDE (__mutex_array_start = .)
 *(SORT_BY_NAME(.mutex_array.*))
 *(.mutex_array)
 .mutex_array   0x20001128        0x8 CMakeFiles/SEGUIDOR.dir/C_/VSARM/sdk/pico/pico-sdk/src/rp2_common/pico_stdio/stdio.c.obj
                0x20001130                PROVIDE (__mutex_array_end = .)
                0x20001130                . = ALIGN (0x4)
 *(.jcr)
                0x20001130                . = ALIGN (0x4)

.igot.plt       0x20001130        0x0 load address 0x10008ef8
 .igot.plt      0x20001130        0x0 c:/vsarm/armcc/10-2020-q4-major/bin/../lib/gcc/arm-none-eabi/10.2.1/thumb/v6-m/nofp/crtbegin.o

.tdata          0x20001130        0x0 load address 0x10008ef8
                0x20001130                . = ALIGN (0x4)
 *(.tdata .tdata.* .gnu.linkonce.td.*)
                0x20001130                __tdata_end = .
                0x20001130                PROVIDE (__data_end__ = .)
                0x10007e88                __etext = LOADADDR (.data)

.tbss           0x20001130        0x0 load address 0x10008ef8
                0x20001130                . = ALIGN (0x4)
                0x20001130                __bss_start__ = .
                0x20001130                __tls_base = .
 *(.tbss .tbss.* .gnu.linkonce.tb.*)
 *(.tcommon)
                0x20001130                __tls_end = .

.bss            0x20001130      0xf44 load address 0x10008ef8
                0x20001130                . = ALIGN (0x4)
                0x20001130                __tbss_end = .
 *(SORT_BY_ALIGNMENT(SORT_BY_NAME(.bss*)))
 .bss.default_alarm_pool_entries
                0x20001130      0x180 CMakeFiles/SEGUIDOR.dir/C_/VSARM/sdk/pico/pico-sdk/src/common/pico_time/time.c.obj
 .bss.last_avail_time.1
                0x200012b0        0x8 CMakeFiles/SEGUIDOR.dir/C_/VSARM/sdk/pico/pico-sdk/src/rp2_common/pico_stdio_usb/stdio_usb.c.obj
 .bss.sd_table  0x200012b8      0x100 CMakeFiles/SEGUIDOR.dir/C_/VSARM/sdk/pico/pico-sdk/src/rp2_common/pico_double/double_init_rom_rp2040.c.obj
                0x200012b8                sd_table
 .bss.sf_table  0x200013b8      0x100 CMakeFiles/SEGUIDOR.dir/C_/VSARM/sdk/pico/pico-sdk/src/rp2_common/pico_float/float_init_rom_rp2040.c.obj
                0x200013b8                sf_table
 .bss           0x200014b8       0x1c c:/vsarm/armcc/10-2020-q4-major/bin/../lib/gcc/arm-none-eabi/10.2.1/thumb/v6-m/nofp/crtbegin.o
 .bss._app_driver
                0x200014d4        0x4 CMakeFiles/SEGUIDOR.dir/C_/VSARM/sdk/pico/pico-sdk/lib/tinyusb/src/device/usbd.c.obj
 .bss._cdcd_epbuf
                0x200014d8       0x80 CMakeFiles/SEGUIDOR.dir/C_/VSARM/sdk/pico/pico-sdk/lib/tinyusb/src/class/cdc/cdc_device.c.obj
 .bss._cdcd_fifo_cfg
                0x20001558        0x1 CMakeFiles/SEGUIDOR.dir/C_/VSARM/sdk/pico/pico-sdk/lib/tinyusb/src/class/cdc/cdc_device.c.obj
 *fill*         0x20001559        0x3 
 .bss._cdcd_itf
                0x2000155c       0xc8 CMakeFiles/SEGUIDOR.dir/C_/VSARM/sdk/pico/pico-sdk/lib/tinyusb/src/class/cdc/cdc_device.c.obj
 .bss._ctrl_epbuf
                0x20001624       0x40 CMakeFiles/SEGUIDOR.dir/C_/VSARM/sdk/pico/pico-sdk/lib/tinyusb/src/device/usbd_control.c.obj
 .bss._ctrl_xfer
                0x20001664       0x14 CMakeFiles/SEGUIDOR.dir/C_/VSARM/sdk/pico/pico-sdk/lib/tinyusb/src/device/usbd_control.c.obj
 .bss._tusb_rhport_role
                0x20001678        0x2 CMakeFiles/SEGUIDOR.dir/C_/VSARM/sdk/pico/pico-sdk/lib/tinyusb/src/tusb.c.obj
                0x20001678                _tusb_rhport_role
 *fill*         0x2000167a        0x2 
 .bss._ubsd_mutexdef
                0x2000167c        0x8 CMakeFiles/SEGUIDOR.dir/C_/VSARM/sdk/pico/pico-sdk/lib/tinyusb/src/device/usbd.c.obj
 .bss._usbd_dev
                0x20001684       0x54 CMakeFiles/SEGUIDOR.dir/C_/VSARM/sdk/pico/pico-sdk/lib/tinyusb/src/device/usbd.c.obj
 .bss._usbd_mutex
                0x200016d8        0x4 CMakeFiles/SEGUIDOR.dir/C_/VSARM/sdk/pico/pico-sdk/lib/tinyusb/src/device/usbd.c.obj
 .bss._usbd_q   0x200016dc        0x4 CMakeFiles/SEGUIDOR.dir/C_/VSARM/sdk/pico/pico-sdk/lib/tinyusb/src/device/usbd.c.obj
 .bss._usbd_qdef_buf
                0x200016e0       0xc0 CMakeFiles/SEGUIDOR.dir/C_/VSARM/sdk/pico/pico-sdk/lib/tinyusb/src/device/usbd.c.obj
                0x200016e0                _usbd_qdef_buf
 .bss._vendord_epbuf
                0x200017a0       0x80 CMakeFiles/SEGUIDOR.dir/C_/VSARM/sdk/pico/pico-sdk/lib/tinyusb/src/class/vendor/vendor_device.c.obj
 .bss._vendord_itf
                0x20001820      0x24c CMakeFiles/SEGUIDOR.dir/C_/VSARM/sdk/pico/pico-sdk/lib/tinyusb/src/class/vendor/vendor_device.c.obj
 .bss.boot2_copyout
                0x20001a6c      0x100 CMakeFiles/SEGUIDOR.dir/C_/VSARM/sdk/pico/pico-sdk/src/rp2_common/hardware_flash/flash.c.obj
 .bss.chars_available_callback
                0x20001b6c        0x4 CMakeFiles/SEGUIDOR.dir/C_/VSARM/sdk/pico/pico-sdk/src/rp2_common/pico_stdio_usb/stdio_usb.c.obj
 .bss.chars_available_param
                0x20001b70        0x4 CMakeFiles/SEGUIDOR.dir/C_/VSARM/sdk/pico/pico-sdk/src/rp2_common/pico_stdio_usb/stdio_usb.c.obj
 .bss.claimed   0x20001b74        0x4 CMakeFiles/SEGUIDOR.dir/C_/VSARM/sdk/pico/pico-sdk/src/rp2_common/hardware_sync/sync.c.obj
 .bss.claimed   0x20001b78        0x1 CMakeFiles/SEGUIDOR.dir/C_/VSARM/sdk/pico/pico-sdk/src/rp2_common/hardware_timer/timer.c.obj
 *fill*         0x20001b79        0x3 
 .bss.configured_freq
                0x20001b7c       0x28 CMakeFiles/SEGUIDOR.dir/C_/VSARM/sdk/pico/pico-sdk/src/rp2_common/hardware_clocks/clocks.c.obj
 .bss.desc_str.0
                0x20001ba4       0x28 CMakeFiles/SEGUIDOR.dir/C_/VSARM/sdk/pico/pico-sdk/src/rp2_common/pico_stdio_usb/stdio_usb_descriptors.c.obj
 .bss.drivers   0x20001bcc        0x4 CMakeFiles/SEGUIDOR.dir/C_/VSARM/sdk/pico/pico-sdk/src/rp2_common/pico_stdio/stdio.c.obj
 .bss.e15_last_sof
                0x20001bd0        0x4 CMakeFiles/SEGUIDOR.dir/C_/VSARM/sdk/pico/pico-sdk/lib/tinyusb/src/portable/raspberrypi/rp2040/rp2040_usb.c.obj
                0x20001bd0                e15_last_sof
 .bss.filter    0x20001bd4        0x4 CMakeFiles/SEGUIDOR.dir/C_/VSARM/sdk/pico/pico-sdk/src/rp2_common/pico_stdio/stdio.c.obj
 .bss.hw_endpoints
                0x20001bd8      0x400 CMakeFiles/SEGUIDOR.dir/C_/VSARM/sdk/pico/pico-sdk/lib/tinyusb/src/portable/raspberrypi/rp2040/dcd_rp2040.c.obj
 .bss.last_position
                0x20001fd8        0x4 CMakeFiles/SEGUIDOR.dir/regleta.c.obj
                0x20001fd8                last_position
 .bss.lazy_vsnprintf
                0x20001fdc        0x4 CMakeFiles/SEGUIDOR.dir/C_/VSARM/sdk/pico/pico-sdk/src/rp2_common/pico_printf/printf.c.obj
 .bss.load_value
                0x20001fe0        0x4 CMakeFiles/SEGUIDOR.dir/C_/VSARM/sdk/pico/pico-sdk/src/rp2_common/hardware_watchdog/watchdog.c.obj
 .bss.max_vals  0x20001fe4       0x20 CMakeFiles/SEGUIDOR.dir/regleta.c.obj
                0x20001fe4                max_vals
 .bss.min_vals  0x20002004       0x20 CMakeFiles/SEGUIDOR.dir/regleta.c.obj
                0x20002004                min_vals
 .bss.next_buffer_ptr
                0x20002024        0x4 CMakeFiles/SEGUIDOR.dir/C_/VSARM/sdk/pico/pico-sdk/lib/tinyusb/src/portable/raspberrypi/rp2040/dcd_rp2040.c.obj
 .bss.one_shot_timer_crit_sec
                0x20002028        0x8 CMakeFiles/SEGUIDOR.dir/C_/VSARM/sdk/pico/pico-sdk/src/rp2_common/pico_stdio_usb/stdio_usb.c.obj
 .bss.pools     0x20002030       0x10 CMakeFiles/SEGUIDOR.dir/C_/VSARM/sdk/pico/pico-sdk/src/common/pico_time/time.c.obj
 .bss.retrieved_id
                0x20002040        0x8 CMakeFiles/SEGUIDOR.dir/C_/VSARM/sdk/pico/pico-sdk/src/rp2_common/pico_unique_id/unique_id.c.obj
 .bss.sf_clz_func
                0x20002048        0x4 CMakeFiles/SEGUIDOR.dir/C_/VSARM/sdk/pico/pico-sdk/src/rp2_common/pico_double/double_init_rom_rp2040.c.obj
                0x20002048                sf_clz_func
 .bss.sleep_notifier
                0x2000204c        0x4 CMakeFiles/SEGUIDOR.dir/C_/VSARM/sdk/pico/pico-sdk/src/common/pico_time/time.c.obj
 .bss.stdio_usb_mutex
                0x20002050        0x8 CMakeFiles/SEGUIDOR.dir/C_/VSARM/sdk/pico/pico-sdk/src/rp2_common/pico_stdio_usb/stdio_usb.c.obj
 .bss.usbd_serial_str
                0x20002058       0x11 CMakeFiles/SEGUIDOR.dir/C_/VSARM/sdk/pico/pico-sdk/src/rp2_common/pico_stdio_usb/stdio_usb_descriptors.c.obj
 .bss._app_driver_count
                0x20002069        0x1 CMakeFiles/SEGUIDOR.dir/C_/VSARM/sdk/pico/pico-sdk/lib/tinyusb/src/device/usbd.c.obj
 .bss._sof_enable
                0x2000206a        0x1 CMakeFiles/SEGUIDOR.dir/C_/VSARM/sdk/pico/pico-sdk/lib/tinyusb/src/portable/raspberrypi/rp2040/dcd_rp2040.c.obj
 .bss._usbd_queued_setup
                0x2000206b        0x1 CMakeFiles/SEGUIDOR.dir/C_/VSARM/sdk/pico/pico-sdk/lib/tinyusb/src/device/usbd.c.obj
 .bss.boot2_copyout_valid
                0x2000206c        0x1 CMakeFiles/SEGUIDOR.dir/C_/VSARM/sdk/pico/pico-sdk/src/rp2_common/hardware_flash/flash.c.obj
 .bss.calibrated
                0x2000206d        0x1 CMakeFiles/SEGUIDOR.dir/regleta.c.obj
                0x2000206d                calibrated
 .bss.irq_handler_chain_free_slot_head
                0x2000206e        0x1 CMakeFiles/SEGUIDOR.dir/C_/VSARM/sdk/pico/pico-sdk/src/rp2_common/hardware_irq/irq.c.obj
 .bss.itf_num   0x2000206f        0x1 CMakeFiles/SEGUIDOR.dir/C_/VSARM/sdk/pico/pico-sdk/src/rp2_common/pico_stdio_usb/reset_interface.c.obj
 .bss.low_priority_irq_num
                0x20002070        0x1 CMakeFiles/SEGUIDOR.dir/C_/VSARM/sdk/pico/pico-sdk/src/rp2_common/pico_stdio_usb/stdio_usb.c.obj
 .bss.one_shot_timer_pending
                0x20002071        0x1 CMakeFiles/SEGUIDOR.dir/C_/VSARM/sdk/pico/pico-sdk/src/rp2_common/pico_stdio_usb/stdio_usb.c.obj
 .bss.user_irq_claimed
                0x20002072        0x1 CMakeFiles/SEGUIDOR.dir/C_/VSARM/sdk/pico/pico-sdk/src/rp2_common/hardware_irq/irq.c.obj
 *(COMMON)
                0x20002074                . = ALIGN (0x4)
 *fill*         0x20002073        0x1 
                0x20002074                __bss_end__ = .

.heap           0x20002074      0x800 load address 0x10008ef8
                0x20002074                __end__ = .
                0x20002074                end = __end__
 *(.heap*)
 .heap          0x20002074      0x800 CMakeFiles/SEGUIDOR.dir/C_/VSARM/sdk/pico/pico-sdk/src/rp2_common/pico_crt0/crt0.S.obj
                0x20040000                __HeapLimit = (ORIGIN (RAM) + LENGTH (RAM))

.scratch_x      0x20040000        0x0 load address 0x10008ef8
                0x20040000                __scratch_x_start__ = .
 *(.scratch_x.*)
                0x20040000                . = ALIGN (0x4)
                0x20040000                __scratch_x_end__ = .
                0x10008ef8                __scratch_x_source__ = LOADADDR (.scratch_x)

.scratch_y      0x20041000        0x0 load address 0x10008ef8
                0x20041000                __scratch_y_start__ = .
 *(.scratch_y.*)
                0x20041000                . = ALIGN (0x4)
                0x20041000                __scratch_y_end__ = .
                0x10008ef8                __scratch_y_source__ = LOADADDR (.scratch_y)

.stack1_dummy   0x20040000        0x0
 *(.stack1*)

.stack_dummy    0x20041000      0x800
 *(.stack*)
 .stack         0x20041000      0x800 CMakeFiles/SEGUIDOR.dir/C_/VSARM/sdk/pico/pico-sdk/src/rp2_common/pico_crt0/crt0.S.obj

.rel.dyn        0x20041800        0x0
 .rel.iplt      0x20041800        0x0 c:/vsarm/armcc/10-2020-q4-major/bin/../lib/gcc/arm-none-eabi/10.2.1/thumb/v6-m/nofp/crtbegin.o

.flash_end      0x10008ef8        0x0
 *(.embedded_end_block*)
                0x10008ef8                PROVIDE (__flash_binary_end = .)
                0x20040000                __StackLimit = (ORIGIN (RAM) + LENGTH (RAM))
                0x20041000                __StackOneTop = (ORIGIN (SCRATCH_X) + LENGTH (SCRATCH_X))
                0x20042000                __StackTop = (ORIGIN (SCRATCH_Y) + LENGTH (SCRATCH_Y))
                0x20041000                __StackOneBottom = (__StackOneTop - SIZEOF (.stack1_dummy))
                0x20041800                __StackBottom = (__StackTop - SIZEOF (.stack_dummy))
                0x20042000                PROVIDE (__stack = __StackTop)
                [!provide]                PROVIDE (__heap_start = __end__)
                [!provide]                PROVIDE (__heap_end = __HeapLimit)
                [!provide]                PROVIDE (__tls_align = MAX (ALIGNOF (.tdata), ALIGNOF (.tbss)))
                [!provide]                PROVIDE (__tls_size_align = (((__tls_size + __tls_align) - 0x1) & ~ ((__tls_align - 0x1))))
                [!provide]                PROVIDE (__arm32_tls_tcb_offset = MAX (0x8, __tls_align))
                [!provide]                PROVIDE (_end = __end__)
                [!provide]                PROVIDE (__llvm_libc_heap_limit = __HeapLimit)
                0x00000001                ASSERT ((__StackLimit >= __HeapLimit), region RAM overflowed)
                0x00000001                ASSERT (((__binary_info_header_end - __logical_binary_start) <= 0x100), Binary info must be in first 256 bytes of the binary)
LOAD CMakeFiles/SEGUIDOR.dir/regleta.c.obj
LOAD CMakeFiles/SEGUIDOR.dir/C_/VSARM/sdk/pico/pico-sdk/src/rp2_common/pico_stdlib/stdlib.c.obj
LOAD CMakeFiles/SEGUIDOR.dir/C_/VSARM/sdk/pico/pico-sdk/src/rp2_common/hardware_gpio/gpio.c.obj
LOAD CMakeFiles/SEGUIDOR.dir/C_/VSARM/sdk/pico/pico-sdk/src/rp2040/pico_platform/platform.c.obj
LOAD CMakeFiles/SEGUIDOR.dir/C_/VSARM/sdk/pico/pico-sdk/src/rp2_common/pico_platform_common/common.c.obj
LOAD CMakeFiles/SEGUIDOR.dir/C_/VSARM/sdk/pico/pico-sdk/src/rp2_common/pico_platform_panic/panic.c.obj
LOAD CMakeFiles/SEGUIDOR.dir/C_/VSARM/sdk/pico/pico-sdk/src/common/hardware_claim/claim.c.obj
LOAD CMakeFiles/SEGUIDOR.dir/C_/VSARM/sdk/pico/pico-sdk/src/rp2_common/hardware_sync/sync.c.obj
LOAD CMakeFiles/SEGUIDOR.dir/C_/VSARM/sdk/pico/pico-sdk/src/rp2_common/hardware_sync_spin_lock/sync_spin_lock.c.obj
LOAD CMakeFiles/SEGUIDOR.dir/C_/VSARM/sdk/pico/pico-sdk/src/rp2_common/hardware_irq/irq.c.obj
LOAD CMakeFiles/SEGUIDOR.dir/C_/VSARM/sdk/pico/pico-sdk/src/rp2_common/hardware_irq/irq_handler_chain.S.obj
LOAD CMakeFiles/SEGUIDOR.dir/C_/VSARM/sdk/pico/pico-sdk/src/common/pico_sync/sem.c.obj
LOAD CMakeFiles/SEGUIDOR.dir/C_/VSARM/sdk/pico/pico-sdk/src/common/pico_sync/lock_core.c.obj
LOAD CMakeFiles/SEGUIDOR.dir/C_/VSARM/sdk/pico/pico-sdk/src/common/pico_sync/mutex.c.obj
LOAD CMakeFiles/SEGUIDOR.dir/C_/VSARM/sdk/pico/pico-sdk/src/common/pico_sync/critical_section.c.obj
LOAD CMakeFiles/SEGUIDOR.dir/C_/VSARM/sdk/pico/pico-sdk/src/common/pico_time/time.c.obj
LOAD CMakeFiles/SEGUIDOR.dir/C_/VSARM/sdk/pico/pico-sdk/src/common/pico_time/timeout_helper.c.obj
LOAD CMakeFiles/SEGUIDOR.dir/C_/VSARM/sdk/pico/pico-sdk/src/rp2_common/hardware_timer/timer.c.obj
LOAD CMakeFiles/SEGUIDOR.dir/C_/VSARM/sdk/pico/pico-sdk/src/common/pico_util/datetime.c.obj
LOAD CMakeFiles/SEGUIDOR.dir/C_/VSARM/sdk/pico/pico-sdk/src/common/pico_util/pheap.c.obj
LOAD CMakeFiles/SEGUIDOR.dir/C_/VSARM/sdk/pico/pico-sdk/src/common/pico_util/queue.c.obj
LOAD CMakeFiles/SEGUIDOR.dir/C_/VSARM/sdk/pico/pico-sdk/src/rp2_common/hardware_uart/uart.c.obj
LOAD CMakeFiles/SEGUIDOR.dir/C_/VSARM/sdk/pico/pico-sdk/src/rp2_common/hardware_clocks/clocks.c.obj
LOAD CMakeFiles/SEGUIDOR.dir/C_/VSARM/sdk/pico/pico-sdk/src/rp2_common/hardware_pll/pll.c.obj
LOAD CMakeFiles/SEGUIDOR.dir/C_/VSARM/sdk/pico/pico-sdk/src/rp2_common/hardware_vreg/vreg.c.obj
LOAD CMakeFiles/SEGUIDOR.dir/C_/VSARM/sdk/pico/pico-sdk/src/rp2_common/hardware_watchdog/watchdog.c.obj
LOAD CMakeFiles/SEGUIDOR.dir/C_/VSARM/sdk/pico/pico-sdk/src/rp2_common/hardware_ticks/ticks.c.obj
LOAD CMakeFiles/SEGUIDOR.dir/C_/VSARM/sdk/pico/pico-sdk/src/rp2_common/pico_bootrom/bootrom.c.obj
LOAD CMakeFiles/SEGUIDOR.dir/C_/VSARM/sdk/pico/pico-sdk/src/rp2_common/pico_bootrom/bootrom_lock.c.obj
LOAD CMakeFiles/SEGUIDOR.dir/C_/VSARM/sdk/pico/pico-sdk/src/rp2_common/hardware_boot_lock/boot_lock.c.obj
LOAD CMakeFiles/SEGUIDOR.dir/C_/VSARM/sdk/pico/pico-sdk/src/rp2_common/pico_flash/flash.c.obj
LOAD CMakeFiles/SEGUIDOR.dir/C_/VSARM/sdk/pico/pico-sdk/src/rp2_common/hardware_xosc/xosc.c.obj
LOAD CMakeFiles/SEGUIDOR.dir/C_/VSARM/sdk/pico/pico-sdk/src/rp2_common/hardware_divider/divider.S.obj
LOAD CMakeFiles/SEGUIDOR.dir/C_/VSARM/sdk/pico/pico-sdk/src/rp2_common/pico_runtime/runtime.c.obj
LOAD CMakeFiles/SEGUIDOR.dir/C_/VSARM/sdk/pico/pico-sdk/src/rp2_common/pico_runtime_init/runtime_init.c.obj
LOAD CMakeFiles/SEGUIDOR.dir/C_/VSARM/sdk/pico/pico-sdk/src/rp2_common/pico_runtime_init/runtime_init_clocks.c.obj
LOAD CMakeFiles/SEGUIDOR.dir/C_/VSARM/sdk/pico/pico-sdk/src/rp2_common/pico_runtime_init/runtime_init_stack_guard.c.obj
LOAD CMakeFiles/SEGUIDOR.dir/C_/VSARM/sdk/pico/pico-sdk/src/rp2_common/pico_bit_ops/bit_ops_aeabi.S.obj
LOAD CMakeFiles/SEGUIDOR.dir/C_/VSARM/sdk/pico/pico-sdk/src/rp2_common/pico_divider/divider_hardware.S.obj
LOAD CMakeFiles/SEGUIDOR.dir/C_/VSARM/sdk/pico/pico-sdk/src/rp2_common/pico_double/double_aeabi_rp2040.S.obj